Archive member included to satisfy reference by file (symbol)

C:/msys64/mingw64/bin/../lib/gcc/arm-none-eabi/13.3.0/../../../../arm-none-eabi/lib/thumb/v7-m/nofp\libc_nano.a(libc_a-atexit.o)
                              C:/msys64/mingw64/bin/../lib/gcc/arm-none-eabi/13.3.0/../../../../arm-none-eabi/lib/thumb/v7-m/nofp/crt0.o (atexit)
C:/msys64/mingw64/bin/../lib/gcc/arm-none-eabi/13.3.0/../../../../arm-none-eabi/lib/thumb/v7-m/nofp\libc_nano.a(libc_a-exit.o)
                              C:/msys64/mingw64/bin/../lib/gcc/arm-none-eabi/13.3.0/../../../../arm-none-eabi/lib/thumb/v7-m/nofp/crt0.o (exit)
C:/msys64/mingw64/bin/../lib/gcc/arm-none-eabi/13.3.0/../../../../arm-none-eabi/lib/thumb/v7-m/nofp\libc_nano.a(libc_a-findfp.o)
                              C:/msys64/mingw64/bin/../lib/gcc/arm-none-eabi/13.3.0/../../../../arm-none-eabi/lib/thumb/v7-m/nofp\libc_nano.a(libc_a-exit.o) (__stdio_exit_handler)
C:/msys64/mingw64/bin/../lib/gcc/arm-none-eabi/13.3.0/../../../../arm-none-eabi/lib/thumb/v7-m/nofp\libc_nano.a(libc_a-fwalk.o)
                              C:/msys64/mingw64/bin/../lib/gcc/arm-none-eabi/13.3.0/../../../../arm-none-eabi/lib/thumb/v7-m/nofp\libc_nano.a(libc_a-findfp.o) (_fwalk_sglue)
C:/msys64/mingw64/bin/../lib/gcc/arm-none-eabi/13.3.0/../../../../arm-none-eabi/lib/thumb/v7-m/nofp\libc_nano.a(libc_a-stdio.o)
                              C:/msys64/mingw64/bin/../lib/gcc/arm-none-eabi/13.3.0/../../../../arm-none-eabi/lib/thumb/v7-m/nofp\libc_nano.a(libc_a-findfp.o) (__sread)
C:/msys64/mingw64/bin/../lib/gcc/arm-none-eabi/13.3.0/../../../../arm-none-eabi/lib/thumb/v7-m/nofp\libc_nano.a(libc_a-memset.o)
                              C:/msys64/mingw64/bin/../lib/gcc/arm-none-eabi/13.3.0/../../../../arm-none-eabi/lib/thumb/v7-m/nofp/crt0.o (memset)
C:/msys64/mingw64/bin/../lib/gcc/arm-none-eabi/13.3.0/../../../../arm-none-eabi/lib/thumb/v7-m/nofp\libc_nano.a(libc_a-closer.o)
                              C:/msys64/mingw64/bin/../lib/gcc/arm-none-eabi/13.3.0/../../../../arm-none-eabi/lib/thumb/v7-m/nofp\libc_nano.a(libc_a-stdio.o) (_close_r)
C:/msys64/mingw64/bin/../lib/gcc/arm-none-eabi/13.3.0/../../../../arm-none-eabi/lib/thumb/v7-m/nofp\libc_nano.a(libc_a-reent.o)
                              C:/msys64/mingw64/bin/../lib/gcc/arm-none-eabi/13.3.0/../../../../arm-none-eabi/lib/thumb/v7-m/nofp\libc_nano.a(libc_a-closer.o) (errno)
C:/msys64/mingw64/bin/../lib/gcc/arm-none-eabi/13.3.0/../../../../arm-none-eabi/lib/thumb/v7-m/nofp\libc_nano.a(libc_a-impure.o)
                              C:/msys64/mingw64/bin/../lib/gcc/arm-none-eabi/13.3.0/../../../../arm-none-eabi/lib/thumb/v7-m/nofp\libc_nano.a(libc_a-reent.o) (_impure_ptr)
C:/msys64/mingw64/bin/../lib/gcc/arm-none-eabi/13.3.0/../../../../arm-none-eabi/lib/thumb/v7-m/nofp\libc_nano.a(libc_a-lseekr.o)
                              C:/msys64/mingw64/bin/../lib/gcc/arm-none-eabi/13.3.0/../../../../arm-none-eabi/lib/thumb/v7-m/nofp\libc_nano.a(libc_a-stdio.o) (_lseek_r)
C:/msys64/mingw64/bin/../lib/gcc/arm-none-eabi/13.3.0/../../../../arm-none-eabi/lib/thumb/v7-m/nofp\libc_nano.a(libc_a-readr.o)
                              C:/msys64/mingw64/bin/../lib/gcc/arm-none-eabi/13.3.0/../../../../arm-none-eabi/lib/thumb/v7-m/nofp\libc_nano.a(libc_a-stdio.o) (_read_r)
C:/msys64/mingw64/bin/../lib/gcc/arm-none-eabi/13.3.0/../../../../arm-none-eabi/lib/thumb/v7-m/nofp\libc_nano.a(libc_a-writer.o)
                              C:/msys64/mingw64/bin/../lib/gcc/arm-none-eabi/13.3.0/../../../../arm-none-eabi/lib/thumb/v7-m/nofp\libc_nano.a(libc_a-stdio.o) (_write_r)
C:/msys64/mingw64/bin/../lib/gcc/arm-none-eabi/13.3.0/../../../../arm-none-eabi/lib/thumb/v7-m/nofp\libc_nano.a(libc_a-errno.o)
                              build/sysmem.o (__errno)
C:/msys64/mingw64/bin/../lib/gcc/arm-none-eabi/13.3.0/../../../../arm-none-eabi/lib/thumb/v7-m/nofp\libc_nano.a(libc_a-init.o)
                              C:/msys64/mingw64/bin/../lib/gcc/arm-none-eabi/13.3.0/../../../../arm-none-eabi/lib/thumb/v7-m/nofp/crt0.o (__libc_init_array)
C:/msys64/mingw64/bin/../lib/gcc/arm-none-eabi/13.3.0/../../../../arm-none-eabi/lib/thumb/v7-m/nofp\libc_nano.a(libc_a-fini.o)
                              C:/msys64/mingw64/bin/../lib/gcc/arm-none-eabi/13.3.0/../../../../arm-none-eabi/lib/thumb/v7-m/nofp/crt0.o (__libc_fini_array)
C:/msys64/mingw64/bin/../lib/gcc/arm-none-eabi/13.3.0/../../../../arm-none-eabi/lib/thumb/v7-m/nofp\libc_nano.a(libc_a-lock.o)
                              C:/msys64/mingw64/bin/../lib/gcc/arm-none-eabi/13.3.0/../../../../arm-none-eabi/lib/thumb/v7-m/nofp\libc_nano.a(libc_a-findfp.o) (__retarget_lock_init_recursive)
C:/msys64/mingw64/bin/../lib/gcc/arm-none-eabi/13.3.0/../../../../arm-none-eabi/lib/thumb/v7-m/nofp\libc_nano.a(libc_a-__atexit.o)
                              C:/msys64/mingw64/bin/../lib/gcc/arm-none-eabi/13.3.0/../../../../arm-none-eabi/lib/thumb/v7-m/nofp\libc_nano.a(libc_a-atexit.o) (__register_exitproc)
[...]
Memory Configuration

Name             Origin             Length             Attributes
RAM              0x20000000         0x00005000         xrw
FLASH            0x08000000         0x00010000         xr
*default*        0x00000000         0xffffffff

Linker script and memory map

LOAD C:/msys64/mingw64/bin/../lib/gcc/arm-none-eabi/13.3.0/thumb/v7-m/nofp/crti.o
LOAD C:/msys64/mingw64/bin/../lib/gcc/arm-none-eabi/13.3.0/thumb/v7-m/nofp/crtbegin.o
LOAD C:/msys64/mingw64/bin/../lib/gcc/arm-none-eabi/13.3.0/../../../../arm-none-eabi/lib/thumb/v7-m/nofp/crt0.o
LOAD build/main.o
LOAD build/hal_gpio.o
LOAD build/hal_i2c.o
LOAD build/hal_uart.o
LOAD build/stm32f1xx_it.o
LOAD build/stm32f1xx_hal_msp.o
LOAD build/syscfg.o
LOAD build/stm32f1xx_hal_gpio_ex.o
LOAD build/stm32f1xx_hal_i2c.o
LOAD build/stm32f1xx_hal.o
LOAD build/stm32f1xx_hal_rcc.o
LOAD build/stm32f1xx_hal_rcc_ex.o
LOAD build/stm32f1xx_hal_gpio.o
LOAD build/stm32f1xx_hal_dma.o
LOAD build/stm32f1xx_hal_cortex.o
LOAD build/stm32f1xx_hal_pwr.o
LOAD build/stm32f1xx_hal_flash.o
LOAD build/stm32f1xx_hal_flash_ex.o
LOAD build/stm32f1xx_hal_exti.o
LOAD build/stm32f1xx_hal_uart.o
LOAD build/system_stm32f1xx.o
LOAD build/sysmem.o
LOAD build/syscalls.o
LOAD build/mpu6050.o
LOAD build/mpu6050_hw.o
LOAD build/startup_stm32f103xb.o
LOAD C:/msys64/mingw64/bin/../lib/gcc/arm-none-eabi/13.3.0/../../../../arm-none-eabi/lib/thumb/v7-m/nofp\libc_nano.a
LOAD C:/msys64/mingw64/bin/../lib/gcc/arm-none-eabi/13.3.0/../../../../arm-none-eabi/lib/thumb/v7-m/nofp\libm.a
LOAD C:/msys64/mingw64/bin/../lib/gcc/arm-none-eabi/13.3.0/../../../../arm-none-eabi/lib/thumb/v7-m/nofp\libnosys.a
START GROUP
LOAD C:/msys64/mingw64/bin/../lib/gcc/arm-none-eabi/13.3.0/thumb/v7-m/nofp\libgcc.a
LOAD C:/msys64/mingw64/bin/../lib/gcc/arm-none-eabi/13.3.0/../../../../arm-none-eabi/lib/thumb/v7-m/nofp\libc_nano.a
END GROUP
START GROUP
LOAD C:/msys64/mingw64/bin/../lib/gcc/arm-none-eabi/13.3.0/thumb/v7-m/nofp\libgcc.a
LOAD C:/msys64/mingw64/bin/../lib/gcc/arm-none-eabi/13.3.0/../../../../arm-none-eabi/lib/thumb/v7-m/nofp\libc_nano.a
END GROUP
LOAD C:/msys64/mingw64/bin/../lib/gcc/arm-none-eabi/13.3.0/thumb/v7-m/nofp/crtend.o
LOAD C:/msys64/mingw64/bin/../lib/gcc/arm-none-eabi/13.3.0/thumb/v7-m/nofp/crtn.o
                0x20005000                        _estack = (ORIGIN (RAM) + LENGTH (RAM))
                0x00000200                        _Min_Heap_Size = 0x200
                0x00000400                        _Min_Stack_Size = 0x400

.isr_vector     0x08000000      0x10c
                0x08000000                        . = ALIGN (0x4)
 *(.isr_vector)
 .isr_vector    0x08000000      0x10c build/startup_stm32f103xb.o
                0x08000000                g_pfnVectors
                0x0800010c                        . = ALIGN (0x4)

.text           0x0800010c     0x3bcc
                0x0800010c                        . = ALIGN (0x4)
 *(.text)
 .text          0x0800010c       0xa0 C:/msys64/mingw64/bin/../lib/gcc/arm-none-eabi/13.3.0/../../../../arm-none-eabi/lib/thumb/v7-m/nofp\libc_nano.a(libc_a-memset.o)
                0x0800010c                memset
 .text          0x080001ac       0x50 C:/msys64/mingw64/bin/../lib/gcc/arm-none-eabi/13.3.0/../../../../arm-none-eabi/lib/thumb/v7-m/nofp\libc_nano.a(libc_a-init.o)
                0x080001ac                __libc_init_array
 .text          0x080001fc      0x21c C:/msys64/mingw64/bin/../lib/gcc/arm-none-eabi/13.3.0/thumb/v7-m/nofp\libgcc.a(_arm_addsubsf3.o)
                0x080001fc                __aeabi_frsub
                0x08000204                __subsf3
                0x08000204                __aeabi_fsub
                0x08000208                __aeabi_fadd
                0x08000208                __addsf3
                0x08000368                __aeabi_ui2f
                0x08000368                __floatunsisf
                0x08000370                __aeabi_i2f
                0x08000370                __floatsisf
                0x0800038c                __aeabi_ul2f
                0x0800038c                __floatundisf
                0x0800039c                __aeabi_l2f
                0x0800039c                __floatdisf
 .text          0x08000418      0x2a0 C:/msys64/mingw64/bin/../lib/gcc/arm-none-eabi/13.3.0/thumb/v7-m/nofp\libgcc.a(_arm_muldivsf3.o)
                0x08000418                __mulsf3
                0x08000418                __aeabi_fmul
                0x08000580                __aeabi_fdiv
                0x08000580                __divsf3
 .text          0x080006b8       0x40 C:/msys64/mingw64/bin/../lib/gcc/arm-none-eabi/13.3.0/thumb/v7-m/nofp\libgcc.a(_arm_fixunssfsi.o)
                0x080006b8                __fixunssfsi
                0x080006b8                __aeabi_f2uiz
 *(.text*)
 .text.__do_global_dtors_aux
                0x080006f8       0x24 C:/msys64/mingw64/bin/../lib/gcc/arm-none-eabi/13.3.0/thumb/v7-m/nofp/crtbegin.o
 .text.frame_dummy
                0x0800071c       0x1c C:/msys64/mingw64/bin/../lib/gcc/arm-none-eabi/13.3.0/thumb/v7-m/nofp/crtbegin.o
 .text.mpu6050_com_init
                0x08000738       0x20 build/main.o
                0x08000738                mpu6050_com_init
 .text.peripheral_init
                0x08000758       0x26 build/main.o
 *fill*         0x0800077e        0x2 
 .text.main     0x08000780       0xc0 build/main.o
                0x08000780                main
 .text.Error_Handler
                0x08000840        0x4 build/main.o
                0x08000840                Error_Handler
 .text.MX_GPIO_Init
                0x08000844       0xa0 build/hal_gpio.o
                0x08000844                MX_GPIO_Init
 .text.MX_I2C1_Init
                0x080008e4       0x3c build/hal_i2c.o
                0x080008e4                MX_I2C1_Init
 .text.HAL_I2C_MspInit
                0x08000920       0x84 build/hal_i2c.o
                0x08000920                HAL_I2C_MspInit
 .text.stm32_i2c_write_reg
                0x080009a4       0x28 build/hal_i2c.o
                0x080009a4                stm32_i2c_write_reg
 .text.stm32_i2c_read_reg
                0x080009cc       0x38 build/hal_i2c.o
                0x080009cc                stm32_i2c_read_reg
 .text.MX_USART1_UART_Init
                0x08000a04       0x34 build/hal_uart.o
                0x08000a04                MX_USART1_UART_Init
 .text.HAL_UART_MspInit
                0x08000a38       0x88 build/hal_uart.o
                0x08000a38                HAL_UART_MspInit
 .text.uart_send
                0x08000ac0       0x18 build/hal_uart.o
                0x08000ac0                uart_send
 .text.HAL_UART_RxCpltCallback
                0x08000ad8       0x24 build/hal_uart.o
                0x08000ad8                HAL_UART_RxCpltCallback
 .text.NMI_Handler
                0x08000afc        0x2 build/stm32f1xx_it.o
                0x08000afc                NMI_Handler
 .text.HardFault_Handler
                0x08000afe        0x2 build/stm32f1xx_it.o
                0x08000afe                HardFault_Handler
 .text.MemManage_Handler
                0x08000b00        0x2 build/stm32f1xx_it.o
                0x08000b00                MemManage_Handler
 .text.BusFault_Handler
                0x08000b02        0x2 build/stm32f1xx_it.o
                0x08000b02                BusFault_Handler
 .text.UsageFault_Handler
                0x08000b04        0x2 build/stm32f1xx_it.o
                0x08000b04                UsageFault_Handler
 .text.SVC_Handler
                0x08000b06        0x2 build/stm32f1xx_it.o
                0x08000b06                SVC_Handler
 .text.DebugMon_Handler
                0x08000b08        0x2 build/stm32f1xx_it.o
                0x08000b08                DebugMon_Handler
 .text.PendSV_Handler
                0x08000b0a        0x2 build/stm32f1xx_it.o
                0x08000b0a                PendSV_Handler
 .text.SysTick_Handler
                0x08000b0c        0x8 build/stm32f1xx_it.o
                0x08000b0c                SysTick_Handler
 .text.I2C1_EV_IRQHandler
                0x08000b14       0x10 build/stm32f1xx_it.o
                0x08000b14                I2C1_EV_IRQHandler
 .text.I2C1_ER_IRQHandler
                0x08000b24       0x10 build/stm32f1xx_it.o
                0x08000b24                I2C1_ER_IRQHandler
 .text.USART1_IRQHandler
                0x08000b34       0x10 build/stm32f1xx_it.o
                0x08000b34                USART1_IRQHandler
 .text.HAL_MspInit
                0x08000b44       0x44 build/stm32f1xx_hal_msp.o
                0x08000b44                HAL_MspInit
 .text.SystemClock_Config
                0x08000b88       0x68 build/syscfg.o
                0x08000b88                SystemClock_Config
 .text.I2C_Flush_DR
                0x08000bf0       0x10 build/stm32f1xx_hal_i2c.o
 .text.I2C_Master_SB
                0x08000c00       0xa8 build/stm32f1xx_hal_i2c.o
 .text.I2C_Master_ADD10
                0x08000ca8       0x2a build/stm32f1xx_hal_i2c.o
 *fill*         0x08000cd2        0x2 
 .text.I2C_Master_ADDR
                0x08000cd4      0x244 build/stm32f1xx_hal_i2c.o
 .text.I2C_SlaveTransmit_BTF
                0x08000f18       0x20 build/stm32f1xx_hal_i2c.o
 .text.I2C_SlaveReceive_BTF
                0x08000f38       0x20 build/stm32f1xx_hal_i2c.o
 .text.I2C_WaitOnSTOPRequestThroughIT
                0x08000f58       0x48 build/stm32f1xx_hal_i2c.o
 .text.I2C_IsAcknowledgeFailed
                0x08000fa0       0x32 build/stm32f1xx_hal_i2c.o
 .text.I2C_ConvertOtherXferOptions
                0x08000fd2       0x1e build/stm32f1xx_hal_i2c.o
 .text.I2C_WaitOnFlagUntilTimeout
                0x08000ff0       0xaa build/stm32f1xx_hal_i2c.o
 .text.I2C_WaitOnMasterAddressFlagUntilTimeout
                0x0800109a       0xd6 build/stm32f1xx_hal_i2c.o
 .text.I2C_MasterRequestWrite
                0x08001170       0xb4 build/stm32f1xx_hal_i2c.o
 .text.I2C_MasterRequestRead
                0x08001224      0x120 build/stm32f1xx_hal_i2c.o
 .text.I2C_WaitOnTXEFlagUntilTimeout
                0x08001344       0x5e build/stm32f1xx_hal_i2c.o
 .text.I2C_WaitOnBTFFlagUntilTimeout
                0x080013a2       0x5e build/stm32f1xx_hal_i2c.o
 .text.I2C_WaitOnRXNEFlagUntilTimeout
                0x08001400       0x78 build/stm32f1xx_hal_i2c.o
 .text.HAL_I2C_Init
                0x08001478      0x1bc build/stm32f1xx_hal_i2c.o
                0x08001478                HAL_I2C_Init
 .text.HAL_I2C_Master_Transmit
                0x08001634      0x178 build/stm32f1xx_hal_i2c.o
                0x08001634                HAL_I2C_Master_Transmit
 .text.HAL_I2C_Master_Receive
                0x080017ac      0x358 build/stm32f1xx_hal_i2c.o
                0x080017ac                HAL_I2C_Master_Receive
 .text.HAL_I2C_MasterTxCpltCallback
                0x08001b04        0x2 build/stm32f1xx_hal_i2c.o
                0x08001b04                HAL_I2C_MasterTxCpltCallback
 .text.HAL_I2C_MasterRxCpltCallback
                0x08001b06        0x2 build/stm32f1xx_hal_i2c.o
                0x08001b06                HAL_I2C_MasterRxCpltCallback
 .text.HAL_I2C_SlaveTxCpltCallback
                0x08001b08        0x2 build/stm32f1xx_hal_i2c.o
                0x08001b08                HAL_I2C_SlaveTxCpltCallback
 .text.I2C_SlaveTransmit_TXE
                0x08001b0a       0x4c build/stm32f1xx_hal_i2c.o
 .text.HAL_I2C_SlaveRxCpltCallback
                0x08001b56        0x2 build/stm32f1xx_hal_i2c.o
                0x08001b56                HAL_I2C_SlaveRxCpltCallback
 .text.I2C_SlaveReceive_RXNE
                0x08001b58       0x4c build/stm32f1xx_hal_i2c.o
 .text.HAL_I2C_AddrCallback
                0x08001ba4        0x2 build/stm32f1xx_hal_i2c.o
                0x08001ba4                HAL_I2C_AddrCallback
 .text.I2C_Slave_ADDR
                0x08001ba6       0x5a build/stm32f1xx_hal_i2c.o
 .text.HAL_I2C_ListenCpltCallback
                0x08001c00        0x2 build/stm32f1xx_hal_i2c.o
                0x08001c00                HAL_I2C_ListenCpltCallback
 *fill*         0x08001c02        0x2 
 .text.I2C_Slave_AF
                0x08001c04       0xa0 build/stm32f1xx_hal_i2c.o
 .text.HAL_I2C_MemTxCpltCallback
                0x08001ca4        0x2 build/stm32f1xx_hal_i2c.o
                0x08001ca4                HAL_I2C_MemTxCpltCallback
 .text.I2C_MasterTransmit_BTF
                0x08001ca6       0x9e build/stm32f1xx_hal_i2c.o
 .text.I2C_MemoryTransmit_TXE_BTF
                0x08001d44       0xc4 build/stm32f1xx_hal_i2c.o
 .text.I2C_MasterTransmit_TXE
                0x08001e08       0xd4 build/stm32f1xx_hal_i2c.o
 .text.HAL_I2C_MemRxCpltCallback
                0x08001edc        0x2 build/stm32f1xx_hal_i2c.o
                0x08001edc                HAL_I2C_MemRxCpltCallback
 .text.I2C_MasterReceive_BTF
                0x08001ede      0x140 build/stm32f1xx_hal_i2c.o
 .text.HAL_I2C_ErrorCallback
                0x0800201e        0x2 build/stm32f1xx_hal_i2c.o
                0x0800201e                HAL_I2C_ErrorCallback
 .text.I2C_MasterReceive_RXNE
                0x08002020      0x106 build/stm32f1xx_hal_i2c.o
 .text.HAL_I2C_AbortCpltCallback
                0x08002126        0x2 build/stm32f1xx_hal_i2c.o
                0x08002126                HAL_I2C_AbortCpltCallback
 .text.I2C_DMAAbort
                0x08002128       0xe4 build/stm32f1xx_hal_i2c.o
 .text.I2C_ITError
                0x0800220c      0x178 build/stm32f1xx_hal_i2c.o
 .text.I2C_Slave_STOPF
                0x08002384      0x18c build/stm32f1xx_hal_i2c.o
 .text.HAL_I2C_EV_IRQHandler
                0x08002510      0x1a0 build/stm32f1xx_hal_i2c.o
                0x08002510                HAL_I2C_EV_IRQHandler
 .text.HAL_I2C_ER_IRQHandler
                0x080026b0       0xce build/stm32f1xx_hal_i2c.o
                0x080026b0                HAL_I2C_ER_IRQHandler
 *fill*         0x0800277e        0x2 
 .text.HAL_InitTick
                0x08002780       0x4c build/stm32f1xx_hal.o
                0x08002780                HAL_InitTick
 .text.HAL_Init
                0x080027cc       0x24 build/stm32f1xx_hal.o
                0x080027cc                HAL_Init
 .text.HAL_IncTick
                0x080027f0       0x18 build/stm32f1xx_hal.o
                0x080027f0                HAL_IncTick
 .text.HAL_GetTick
                0x08002808        0xc build/stm32f1xx_hal.o
                0x08002808                HAL_GetTick
 .text.HAL_Delay
                0x08002814       0x28 build/stm32f1xx_hal.o
                0x08002814                HAL_Delay
 .text.RCC_Delay
                0x0800283c       0x2c build/stm32f1xx_hal_rcc.o
 .text.HAL_RCC_OscConfig
                0x08002868      0x410 build/stm32f1xx_hal_rcc.o
                0x08002868                HAL_RCC_OscConfig
 .text.HAL_RCC_GetSysClockFreq
                0x08002c78       0x54 build/stm32f1xx_hal_rcc.o
                0x08002c78                HAL_RCC_GetSysClockFreq
 .text.HAL_RCC_ClockConfig
                0x08002ccc      0x16c build/stm32f1xx_hal_rcc.o
                0x08002ccc                HAL_RCC_ClockConfig
 .text.HAL_RCC_GetHCLKFreq
                0x08002e38        0xc build/stm32f1xx_hal_rcc.o
                0x08002e38                HAL_RCC_GetHCLKFreq
 .text.HAL_RCC_GetPCLK1Freq
                0x08002e44       0x20 build/stm32f1xx_hal_rcc.o
                0x08002e44                HAL_RCC_GetPCLK1Freq
 .text.HAL_RCC_GetPCLK2Freq
                0x08002e64       0x20 build/stm32f1xx_hal_rcc.o
                0x08002e64                HAL_RCC_GetPCLK2Freq
 .text.HAL_GPIO_Init
                0x08002e84      0x21c build/stm32f1xx_hal_gpio.o
                0x08002e84                HAL_GPIO_Init
 .text.HAL_GPIO_WritePin
                0x080030a0        0xc build/stm32f1xx_hal_gpio.o
                0x080030a0                HAL_GPIO_WritePin
 .text.HAL_DMA_Abort
                0x080030ac       0x46 build/stm32f1xx_hal_dma.o
                0x080030ac                HAL_DMA_Abort
 *fill*         0x080030f2        0x2 
 .text.HAL_DMA_Abort_IT
                0x080030f4       0x98 build/stm32f1xx_hal_dma.o
                0x080030f4                HAL_DMA_Abort_IT
 .text.HAL_DMA_GetState
                0x0800318c        0x6 build/stm32f1xx_hal_dma.o
                0x0800318c                HAL_DMA_GetState
 *fill*         0x08003192        0x2 
 .text.__NVIC_SetPriority
                0x08003194       0x28 build/stm32f1xx_hal_cortex.o
 .text.NVIC_EncodePriority
                0x080031bc       0x3e build/stm32f1xx_hal_cortex.o
 *fill*         0x080031fa        0x2 
 .text.HAL_NVIC_SetPriorityGrouping
                0x080031fc       0x24 build/stm32f1xx_hal_cortex.o
                0x080031fc                HAL_NVIC_SetPriorityGrouping
 .text.HAL_NVIC_SetPriority
                0x08003220       0x20 build/stm32f1xx_hal_cortex.o
                0x08003220                HAL_NVIC_SetPriority
 .text.HAL_NVIC_EnableIRQ
                0x08003240       0x1c build/stm32f1xx_hal_cortex.o
                0x08003240                HAL_NVIC_EnableIRQ
 .text.HAL_SYSTICK_Config
                0x0800325c       0x28 build/stm32f1xx_hal_cortex.o
                0x0800325c                HAL_SYSTICK_Config
 .text.UART_EndRxTransfer
                0x08003284       0x5c build/stm32f1xx_hal_uart.o
 .text.UART_Transmit_IT
                0x080032e0       0x60 build/stm32f1xx_hal_uart.o
 .text.UART_SetConfig
                0x08003340       0x94 build/stm32f1xx_hal_uart.o
 .text.UART_WaitOnFlagUntilTimeout
                0x080033d4       0x86 build/stm32f1xx_hal_uart.o
 .text.HAL_UART_Init
                0x0800345a       0x60 build/stm32f1xx_hal_uart.o
                0x0800345a                HAL_UART_Init
 .text.HAL_UART_Transmit
                0x080034ba       0xcc build/stm32f1xx_hal_uart.o
                0x080034ba                HAL_UART_Transmit
 .text.HAL_UART_TxCpltCallback
                0x08003586        0x2 build/stm32f1xx_hal_uart.o
                0x08003586                HAL_UART_TxCpltCallback
 .text.UART_EndTransmit_IT
                0x08003588       0x1a build/stm32f1xx_hal_uart.o
 .text.HAL_UART_ErrorCallback
                0x080035a2        0x2 build/stm32f1xx_hal_uart.o
                0x080035a2                HAL_UART_ErrorCallback
 .text.UART_DMAAbortOnError
                0x080035a4       0x10 build/stm32f1xx_hal_uart.o
 .text.HAL_UARTEx_RxEventCallback
                0x080035b4        0x2 build/stm32f1xx_hal_uart.o
                0x080035b4                HAL_UARTEx_RxEventCallback
 .text.UART_Receive_IT
                0x080035b6       0xe6 build/stm32f1xx_hal_uart.o
 .text.HAL_UART_IRQHandler
                0x0800369c      0x284 build/stm32f1xx_hal_uart.o
                0x0800369c                HAL_UART_IRQHandler
 .text.UART_Start_Receive_IT
                0x08003920       0x36 build/stm32f1xx_hal_uart.o
                0x08003920                UART_Start_Receive_IT
 .text.HAL_UART_Receive_IT
                0x08003956       0x26 build/stm32f1xx_hal_uart.o
                0x08003956                HAL_UART_Receive_IT
 .text.SystemInit
                0x0800397c        0x2 build/system_stm32f1xx.o
                0x0800397c                SystemInit
 *fill*         0x0800397e        0x2 
 .text.mpu6050_cfg_set_smprt_div
                0x08003980       0x1c build/mpu6050.o
                0x08003980                mpu6050_cfg_set_smprt_div
 .text.mpu6050_cfg_set_config
                0x0800399c       0x1c build/mpu6050.o
                0x0800399c                mpu6050_cfg_set_config
 .text.mpu6050_cfg_gyro
                0x080039b8       0x20 build/mpu6050.o
                0x080039b8                mpu6050_cfg_gyro
 .text.mpu6050_cfg_accel
                0x080039d8       0x20 build/mpu6050.o
                0x080039d8                mpu6050_cfg_accel
 .text.mpu6050_cfg_int_pin
                0x080039f8       0x3e build/mpu6050.o
                0x080039f8                mpu6050_cfg_int_pin
 .text.mpu6050_cfg_int_mode
                0x08003a36       0x1c build/mpu6050.o
                0x08003a36                mpu6050_cfg_int_mode
 .text.mpu6050_init_reg
                0x08003a52       0x46 build/mpu6050.o
                0x08003a52                mpu6050_init_reg
 .text.mpu6050_cfg_pwr_mng
                0x08003a98        0xc build/mpu6050.o
                0x08003a98                mpu6050_cfg_pwr_mng
 .text.mpu6050_get_fs
                0x08003aa4       0x40 build/mpu6050.o
                0x08003aa4                mpu6050_get_fs
 .text.mpu6050_raw_data_to_readable_data
                0x08003ae4       0xac build/mpu6050.o
                0x08003ae4                mpu6050_raw_data_to_readable_data
 .text.mpu6050_get_accel_raw
                0x08003b90       0x40 build/mpu6050.o
                0x08003b90                mpu6050_get_accel_raw
 .text.mpu6050_get_temp_raw
                0x08003bd0       0x24 build/mpu6050.o
                0x08003bd0                mpu6050_get_temp_raw
 .text.mpu6050_get_gyro_raw
                0x08003bf4       0x40 build/mpu6050.o
                0x08003bf4                mpu6050_get_gyro_raw
 .text.mpu6050_set_i2c_spec
                0x08003c34       0x10 build/mpu6050_hw.o
                0x08003c34                mpu6050_set_i2c_spec
 .text.mpu6050_i2c_read_reg
                0x08003c44       0x18 build/mpu6050_hw.o
                0x08003c44                mpu6050_i2c_read_reg
 .text.mpu6050_i2c_write_reg
                0x08003c5c       0x18 build/mpu6050_hw.o
                0x08003c5c                mpu6050_i2c_write_reg
 .text.Reset_Handler
                0x08003c74       0x48 build/startup_stm32f103xb.o
                0x08003c74                Reset_Handler
 .text.Default_Handler
                0x08003cbc        0x2 build/startup_stm32f103xb.o
                0x08003cbc                RTC_Alarm_IRQHandler
                0x08003cbc                EXTI2_IRQHandler
                0x08003cbc                TIM1_CC_IRQHandler
                0x08003cbc                PVD_IRQHandler
                0x08003cbc                EXTI3_IRQHandler
                0x08003cbc                EXTI0_IRQHandler
                0x08003cbc                I2C2_EV_IRQHandler
                0x08003cbc                ADC1_2_IRQHandler
                0x08003cbc                SPI1_IRQHandler
                0x08003cbc                TAMPER_IRQHandler
                0x08003cbc                DMA1_Channel4_IRQHandler
                0x08003cbc                USART3_IRQHandler
                0x08003cbc                RTC_IRQHandler
                0x08003cbc                DMA1_Channel7_IRQHandler
                0x08003cbc                CAN1_RX1_IRQHandler
                0x08003cbc                TIM4_IRQHandler
                0x08003cbc                DMA1_Channel6_IRQHandler
                0x08003cbc                TIM3_IRQHandler
                0x08003cbc                RCC_IRQHandler
                0x08003cbc                TIM1_TRG_COM_IRQHandler
                0x08003cbc                DMA1_Channel1_IRQHandler
                0x08003cbc                Default_Handler
                0x08003cbc                EXTI15_10_IRQHandler
                0x08003cbc                EXTI9_5_IRQHandler
                0x08003cbc                SPI2_IRQHandler
                0x08003cbc                DMA1_Channel5_IRQHandler
                0x08003cbc                EXTI4_IRQHandler
                0x08003cbc                USB_LP_CAN1_RX0_IRQHandler
                0x08003cbc                USB_HP_CAN1_TX_IRQHandler
                0x08003cbc                DMA1_Channel3_IRQHandler
                0x08003cbc                TIM1_UP_IRQHandler
                0x08003cbc                WWDG_IRQHandler
                0x08003cbc                TIM2_IRQHandler
                0x08003cbc                TIM1_BRK_IRQHandler
                0x08003cbc                EXTI1_IRQHandler
                0x08003cbc                USART2_IRQHandler
                0x08003cbc                I2C2_ER_IRQHandler
                0x08003cbc                DMA1_Channel2_IRQHandler
                0x08003cbc                CAN1_SCE_IRQHandler
                0x08003cbc                FLASH_IRQHandler
                0x08003cbc                USBWakeUp_IRQHandler
 *(.glue_7)
 .glue_7        0x08003cbe        0x0 linker stubs
 *(.glue_7t)
 .glue_7t       0x08003cbe        0x0 linker stubs
 *(.eh_frame)
 *fill*         0x08003cbe        0x2 
 .eh_frame      0x08003cc0        0x0 C:/msys64/mingw64/bin/../lib/gcc/arm-none-eabi/13.3.0/thumb/v7-m/nofp/crtbegin.o
 *(.init)
 .init          0x08003cc0        0x4 C:/msys64/mingw64/bin/../lib/gcc/arm-none-eabi/13.3.0/thumb/v7-m/nofp/crti.o
                0x08003cc0                _init
 .init          0x08003cc4        0x8 C:/msys64/mingw64/bin/../lib/gcc/arm-none-eabi/13.3.0/thumb/v7-m/nofp/crtn.o
 *(.fini)
 .fini          0x08003ccc        0x4 C:/msys64/mingw64/bin/../lib/gcc/arm-none-eabi/13.3.0/thumb/v7-m/nofp/crti.o
                0x08003ccc                _fini
 .fini          0x08003cd0        0x8 C:/msys64/mingw64/bin/../lib/gcc/arm-none-eabi/13.3.0/thumb/v7-m/nofp/crtn.o
                0x08003cd8                        . = ALIGN (0x4)
                0x08003cd8                        _etext = .

.vfp11_veneer   0x08003cd8        0x0
 .vfp11_veneer  0x08003cd8        0x0 linker stubs

.v4_bx          0x08003cd8        0x0
 .v4_bx         0x08003cd8        0x0 linker stubs

.iplt           0x08003cd8        0x0
 .iplt          0x08003cd8        0x0 C:/msys64/mingw64/bin/../lib/gcc/arm-none-eabi/13.3.0/thumb/v7-m/nofp/crtbegin.o

.rodata         0x08003cd8       0x54
                0x08003cd8                        . = ALIGN (0x4)
 *(.rodata)
 .rodata        0x08003cd8        0x8 build/main.o
 *(.rodata*)
 .rodata.aPredivFactorTable.0
                0x08003ce0        0x2 build/stm32f1xx_hal_rcc.o
 *fill*         0x08003ce2        0x2 
 .rodata.aPLLMULFactorTable.1
                0x08003ce4       0x10 build/stm32f1xx_hal_rcc.o
 .rodata.APBPrescTable
                0x08003cf4        0x8 build/system_stm32f1xx.o
                0x08003cf4                APBPrescTable
 .rodata.AHBPrescTable
                0x08003cfc       0x10 build/system_stm32f1xx.o
                0x08003cfc                AHBPrescTable
 .rodata.accel_sens
                0x08003d0c       0x10 build/mpu6050.o
 .rodata.gyro_sens
                0x08003d1c       0x10 build/mpu6050.o
                0x08003d2c                        . = ALIGN (0x4)

.rel.dyn        0x08003d2c        0x0
 .rel.iplt      0x08003d2c        0x0 C:/msys64/mingw64/bin/../lib/gcc/arm-none-eabi/13.3.0/thumb/v7-m/nofp/crtbegin.o

.ARM.extab
 *(.ARM.extab* .gnu.linkonce.armextab.*)

.ARM            0x08003d2c        0x0
                0x08003d2c                        __exidx_start = .
 *(.ARM.exidx*)
                0x08003d2c                        __exidx_end = .

.preinit_array  0x08003d2c        0x0
                0x08003d2c                        PROVIDE (__preinit_array_start = .)
 *(.preinit_array*)
                0x08003d2c                        PROVIDE (__preinit_array_end = .)

.init_array     0x08003d2c        0x4
                0x08003d2c                        PROVIDE (__init_array_start = .)
 *(SORT_BY_NAME(.init_array.*))
 *(.init_array*)
 .init_array    0x08003d2c        0x4 C:/msys64/mingw64/bin/../lib/gcc/arm-none-eabi/13.3.0/thumb/v7-m/nofp/crtbegin.o
                0x08003d30                        PROVIDE (__init_array_end = .)

.fini_array     0x08003d30        0x4
                0x08003d30                        PROVIDE (__fini_array_start = .)
 *(SORT_BY_NAME(.fini_array.*))
 *(.fini_array*)
 .fini_array    0x08003d30        0x4 C:/msys64/mingw64/bin/../lib/gcc/arm-none-eabi/13.3.0/thumb/v7-m/nofp/crtbegin.o
                0x08003d34                        PROVIDE (__fini_array_end = .)
                0x08003d34                        _sidata = LOADADDR (.data)

.data           0x20000000        0xc load address 0x08003d34
                0x20000000                        . = ALIGN (0x4)
                0x20000000                        _sdata = .
 *(.data)
 *(.data*)
 .data.uwTickFreq
                0x20000000        0x1 build/stm32f1xx_hal.o
                0x20000000                uwTickFreq
 *fill*         0x20000001        0x3 
 .data.uwTickPrio
                0x20000004        0x4 build/stm32f1xx_hal.o
                0x20000004                uwTickPrio
 .data.SystemCoreClock
                0x20000008        0x4 build/system_stm32f1xx.o
                0x20000008                SystemCoreClock
                0x2000000c                        . = ALIGN (0x4)
                0x2000000c                        _edata = .

.igot.plt       0x2000000c        0x0 load address 0x08003d40
 .igot.plt      0x2000000c        0x0 C:/msys64/mingw64/bin/../lib/gcc/arm-none-eabi/13.3.0/thumb/v7-m/nofp/crtbegin.o
                0x2000000c                        . = ALIGN (0x4)

.bss            0x2000000c      0x120 load address 0x08003d40
                0x2000000c                        _sbss = .
                0x2000000c                        __bss_start__ = _sbss
 *(.bss)
 *(.bss*)
 .bss.completed.1
                0x2000000c        0x1 C:/msys64/mingw64/bin/../lib/gcc/arm-none-eabi/13.3.0/thumb/v7-m/nofp/crtbegin.o
 *fill*         0x2000000d        0x3 
 .bss.object.0  0x20000010       0x18 C:/msys64/mingw64/bin/../lib/gcc/arm-none-eabi/13.3.0/thumb/v7-m/nofp/crtbegin.o
 .bss.hi2c1     0x20000028       0x54 build/hal_i2c.o
                0x20000028                hi2c1
 .bss.uart_rx_buffer
                0x2000007c       0x40 build/hal_uart.o
                0x2000007c                uart_rx_buffer
 .bss.huart1    0x200000bc       0x48 build/hal_uart.o
                0x200000bc                huart1
 .bss.uwTick    0x20000104        0x4 build/stm32f1xx_hal.o
                0x20000104                uwTick
 .bss._cfg      0x20000108       0x1c build/mpu6050.o
 .bss.i2c_ops   0x20000124        0x8 build/mpu6050_hw.o
 *(COMMON)
                0x2000012c                        . = ALIGN (0x4)
                0x2000012c                        _ebss = .
                0x2000012c                        __bss_end__ = _ebss

._user_heap_stack
                0x2000012c      0x604 load address 0x08003d40
                0x20000130                        . = ALIGN (0x8)
 *fill*         0x2000012c        0x4 
                [!provide]                        PROVIDE (end = .)
                0x20000130                        PROVIDE (_end = .)
                0x20000330                        . = (. + _Min_Heap_Size)
 *fill*         0x20000130      0x200 
                0x20000730                        . = (. + _Min_Stack_Size)
 *fill*         0x20000330      0x400 
                0x20000730                        . = ALIGN (0x8)

/DISCARD/
 libc.a(*)
 libm.a(*)
 libgcc.a(*)
OUTPUT(build/mpu6050.elf elf32-littlearm)
LOAD linker stubs
LOAD C:/msys64/mingw64/bin/../lib/gcc/arm-none-eabi/13.3.0/../../../../arm-none-eabi/lib/thumb/v7-m/nofp\libc.a
LOAD C:/msys64/mingw64/bin/../lib/gcc/arm-none-eabi/13.3.0/../../../../arm-none-eabi/lib/thumb/v7-m/nofp\libm.a
LOAD C:/msys64/mingw64/bin/../lib/gcc/arm-none-eabi/13.3.0/thumb/v7-m/nofp\libgcc.a

.ARM.attributes
                0x00000000       0x29
 .ARM.attributes
                0x00000000       0x1d C:/msys64/mingw64/bin/../lib/gcc/arm-none-eabi/13.3.0/thumb/v7-m/nofp/crti.o
 .ARM.attributes
                0x0000001d       0x2d C:/msys64/mingw64/bin/../lib/gcc/arm-none-eabi/13.3.0/thumb/v7-m/nofp/crtbegin.o
 .ARM.attributes
                0x0000004a       0x2d build/main.o
 .ARM.attributes
                0x00000077       0x2d build/hal_gpio.o
 .ARM.attributes
                0x000000a4       0x2d build/hal_i2c.o
 .ARM.attributes
                0x000000d1       0x2d build/hal_uart.o
 .ARM.attributes
                0x000000fe       0x2d build/stm32f1xx_it.o
 .ARM.attributes
                0x0000012b       0x2d build/stm32f1xx_hal_msp.o
 .ARM.attributes
                0x00000158       0x2d build/syscfg.o
 .ARM.attributes
                0x00000185       0x2d build/stm32f1xx_hal_i2c.o
 .ARM.attributes
                0x000001b2       0x2d build/stm32f1xx_hal.o
 .ARM.attributes
                0x000001df       0x2d build/stm32f1xx_hal_rcc.o
 .ARM.attributes
                0x0000020c       0x2d build/stm32f1xx_hal_gpio.o
 .ARM.attributes
                0x00000239       0x2d build/stm32f1xx_hal_dma.o
 .ARM.attributes
                0x00000266       0x2d build/stm32f1xx_hal_cortex.o
 .ARM.attributes
                0x00000293       0x2d build/stm32f1xx_hal_uart.o
 .ARM.attributes
                0x000002c0       0x2d build/system_stm32f1xx.o
 .ARM.attributes
                0x000002ed       0x2d build/mpu6050.o
 .ARM.attributes
                0x0000031a       0x2d build/mpu6050_hw.o
 .ARM.attributes
                0x00000347       0x21 build/startup_stm32f103xb.o
 .ARM.attributes
                0x00000368       0x2d C:/msys64/mingw64/bin/../lib/gcc/arm-none-eabi/13.3.0/../../../../arm-none-eabi/lib/thumb/v7-m/nofp\libc_nano.a(libc_a-memset.o)
 .ARM.attributes
                0x00000395       0x2d C:/msys64/mingw64/bin/../lib/gcc/arm-none-eabi/13.3.0/../../../../arm-none-eabi/lib/thumb/v7-m/nofp\libc_nano.a(libc_a-init.o)
 .ARM.attributes
                0x000003c2       0x1d C:/msys64/mingw64/bin/../lib/gcc/arm-none-eabi/13.3.0/thumb/v7-m/nofp\libgcc.a(_arm_addsubsf3.o)
 .ARM.attributes
                0x000003df       0x1d C:/msys64/mingw64/bin/../lib/gcc/arm-none-eabi/13.3.0/thumb/v7-m/nofp\libgcc.a(_arm_muldivsf3.o)
 .ARM.attributes
                0x000003fc       0x1d C:/msys64/mingw64/bin/../lib/gcc/arm-none-eabi/13.3.0/thumb/v7-m/nofp\libgcc.a(_arm_fixunssfsi.o)
 .ARM.attributes
                0x00000419       0x1d C:/msys64/mingw64/bin/../lib/gcc/arm-none-eabi/13.3.0/thumb/v7-m/nofp/crtn.o

.comment        0x00000000       0x24
 .comment       0x00000000       0x24 build/main.o
                                 0x13 (size before relaxing)
 .comment       0x00000024       0x13 build/hal_gpio.o
 .comment       0x00000024       0x13 build/hal_i2c.o
 .comment       0x00000024       0x13 build/hal_uart.o
 .comment       0x00000024       0x13 build/stm32f1xx_it.o
 .comment       0x00000024       0x13 build/stm32f1xx_hal_msp.o
 .comment       0x00000024       0x13 build/syscfg.o
 .comment       0x00000024       0x13 build/stm32f1xx_hal_i2c.o
 .comment       0x00000024       0x13 build/stm32f1xx_hal.o
 .comment       0x00000024       0x13 build/stm32f1xx_hal_rcc.o
 .comment       0x00000024       0x13 build/stm32f1xx_hal_gpio.o
 .comment       0x00000024       0x13 build/stm32f1xx_hal_dma.o
 .comment       0x00000024       0x13 build/stm32f1xx_hal_cortex.o
 .comment       0x00000024       0x13 build/stm32f1xx_hal_uart.o
 .comment       0x00000024       0x13 build/system_stm32f1xx.o
 .comment       0x00000024       0x13 build/mpu6050.o
 .comment       0x00000024       0x13 build/mpu6050_hw.o
 .comment       0x00000024       0x13 C:/msys64/mingw64/bin/../lib/gcc/arm-none-eabi/13.3.0/../../../../arm-none-eabi/lib/thumb/v7-m/nofp\libc_nano.a(libc_a-memset.o)
 .comment       0x00000024       0x13 C:/msys64/mingw64/bin/../lib/gcc/arm-none-eabi/13.3.0/../../../../arm-none-eabi/lib/thumb/v7-m/nofp\libc_nano.a(libc_a-init.o)

.debug_info     0x00000000     0xfdf8
 .debug_info    0x00000000      0x8f6 build/main.o
 .debug_info    0x000008f6      0x398 build/hal_gpio.o
 .debug_info    0x00000c8e      0xd59 build/hal_i2c.o
 .debug_info    0x000019e7      0xcb5 build/hal_uart.o
 .debug_info    0x0000269c      0xa6d build/stm32f1xx_it.o
 .debug_info    0x00003109      0x238 build/stm32f1xx_hal_msp.o
 .debug_info    0x00003341      0x2ec build/syscfg.o
 .debug_info    0x0000362d     0x3d27 build/stm32f1xx_hal_i2c.o
 .debug_info    0x00007354      0x880 build/stm32f1xx_hal.o
 .debug_info    0x00007bd4      0xb10 build/stm32f1xx_hal_rcc.o
 .debug_info    0x000086e4      0x6d7 build/stm32f1xx_hal_gpio.o
 .debug_info    0x00008dbb      0x8d5 build/stm32f1xx_hal_dma.o
 .debug_info    0x00009690      0xe3f build/stm32f1xx_hal_cortex.o
 .debug_info    0x0000a4cf     0x430f build/stm32f1xx_hal_uart.o
 .debug_info    0x0000e7de      0x26e build/system_stm32f1xx.o
 .debug_info    0x0000ea4c      0xdae build/mpu6050.o
 .debug_info    0x0000f7fa      0x231 build/mpu6050_hw.o
 .debug_info    0x0000fa2b       0x30 build/startup_stm32f103xb.o
 .debug_info    0x0000fa5b      0x135 C:/msys64/mingw64/bin/../lib/gcc/arm-none-eabi/13.3.0/../../../../arm-none-eabi/lib/thumb/v7-m/nofp\libc_nano.a(libc_a-memset.o)
 .debug_info    0x0000fb90      0x10b C:/msys64/mingw64/bin/../lib/gcc/arm-none-eabi/13.3.0/../../../../arm-none-eabi/lib/thumb/v7-m/nofp\libc_nano.a(libc_a-init.o)
 .debug_info    0x0000fc9b       0xca C:/msys64/mingw64/bin/../lib/gcc/arm-none-eabi/13.3.0/thumb/v7-m/nofp\libgcc.a(_arm_addsubsf3.o)
 .debug_info    0x0000fd65       0x57 C:/msys64/mingw64/bin/../lib/gcc/arm-none-eabi/13.3.0/thumb/v7-m/nofp\libgcc.a(_arm_muldivsf3.o)
 .debug_info    0x0000fdbc       0x3c C:/msys64/mingw64/bin/../lib/gcc/arm-none-eabi/13.3.0/thumb/v7-m/nofp\libgcc.a(_arm_fixunssfsi.o)

.debug_abbrev   0x00000000     0x25ce
 .debug_abbrev  0x00000000      0x282 build/main.o
 .debug_abbrev  0x00000282      0x14e build/hal_gpio.o
 .debug_abbrev  0x000003d0      0x258 build/hal_i2c.o
 .debug_abbrev  0x00000628      0x240 build/hal_uart.o
 .debug_abbrev  0x00000868      0x172 build/stm32f1xx_it.o
 .debug_abbrev  0x000009da       0xe7 build/stm32f1xx_hal_msp.o
 .debug_abbrev  0x00000ac1      0x134 build/syscfg.o
 .debug_abbrev  0x00000bf5      0x31e build/stm32f1xx_hal_i2c.o
 .debug_abbrev  0x00000f13      0x232 build/stm32f1xx_hal.o
 .debug_abbrev  0x00001145      0x2d6 build/stm32f1xx_hal_rcc.o
 .debug_abbrev  0x0000141b      0x222 build/stm32f1xx_hal_gpio.o
 .debug_abbrev  0x0000163d      0x261 build/stm32f1xx_hal_dma.o
 .debug_abbrev  0x0000189e      0x3aa build/stm32f1xx_hal_cortex.o
 .debug_abbrev  0x00001c48      0x35f build/stm32f1xx_hal_uart.o
 .debug_abbrev  0x00001fa7      0x140 build/system_stm32f1xx.o
 .debug_abbrev  0x000020e7      0x1cb build/mpu6050.o
 .debug_abbrev  0x000022b2      0x107 build/mpu6050_hw.o
 .debug_abbrev  0x000023b9       0x1d build/startup_stm32f103xb.o
 .debug_abbrev  0x000023d6       0xb7 C:/msys64/mingw64/bin/../lib/gcc/arm-none-eabi/13.3.0/../../../../arm-none-eabi/lib/thumb/v7-m/nofp\libc_nano.a(libc_a-memset.o)
 .debug_abbrev  0x0000248d       0xc9 C:/msys64/mingw64/bin/../lib/gcc/arm-none-eabi/13.3.0/../../../../arm-none-eabi/lib/thumb/v7-m/nofp\libc_nano.a(libc_a-init.o)
 .debug_abbrev  0x00002556       0x28 C:/msys64/mingw64/bin/../lib/gcc/arm-none-eabi/13.3.0/thumb/v7-m/nofp\libgcc.a(_arm_addsubsf3.o)
 .debug_abbrev  0x0000257e       0x28 C:/msys64/mingw64/bin/../lib/gcc/arm-none-eabi/13.3.0/thumb/v7-m/nofp\libgcc.a(_arm_muldivsf3.o)
 .debug_abbrev  0x000025a6       0x28 C:/msys64/mingw64/bin/../lib/gcc/arm-none-eabi/13.3.0/thumb/v7-m/nofp\libgcc.a(_arm_fixunssfsi.o)

.debug_loc      0x00000000     0xd961
 .debug_loc     0x00000000       0x85 build/main.o
 .debug_loc     0x00000085       0x38 build/hal_gpio.o
 .debug_loc     0x000000bd      0x272 build/hal_i2c.o
 .debug_loc     0x0000032f      0x21b build/hal_uart.o
 .debug_loc     0x0000054a       0x80 build/stm32f1xx_it.o
 .debug_loc     0x000005ca       0x41 build/stm32f1xx_hal_msp.o
 .debug_loc     0x0000060b       0x46 build/syscfg.o
 .debug_loc     0x00000651     0x54d3 build/stm32f1xx_hal_i2c.o
 .debug_loc     0x00005b24      0x1f9 build/stm32f1xx_hal.o
 .debug_loc     0x00005d1d      0x7c6 build/stm32f1xx_hal_rcc.o
 .debug_loc     0x000064e3      0x56c build/stm32f1xx_hal_gpio.o
 .debug_loc     0x00006a4f      0x990 build/stm32f1xx_hal_dma.o
 .debug_loc     0x000073df      0x8b4 build/stm32f1xx_hal_cortex.o
 .debug_loc     0x00007c93     0x4ff4 build/stm32f1xx_hal_uart.o
 .debug_loc     0x0000cc87      0x11b build/system_stm32f1xx.o
 .debug_loc     0x0000cda2      0xa10 build/mpu6050.o
 .debug_loc     0x0000d7b2      0x1af build/mpu6050_hw.o

.debug_aranges  0x00000000      0xb20
 .debug_aranges
                0x00000000       0x38 build/main.o
 .debug_aranges
                0x00000038       0x20 build/hal_gpio.o
 .debug_aranges
                0x00000058       0x40 build/hal_i2c.o
 .debug_aranges
                0x00000098       0x48 build/hal_uart.o
 .debug_aranges
                0x000000e0       0x78 build/stm32f1xx_it.o
 .debug_aranges
                0x00000158       0x20 build/stm32f1xx_hal_msp.o
 .debug_aranges
                0x00000178       0x20 build/syscfg.o
 .debug_aranges
                0x00000198      0x2a8 build/stm32f1xx_hal_i2c.o
 .debug_aranges
                0x00000440       0xe0 build/stm32f1xx_hal.o
 .debug_aranges
                0x00000520       0x90 build/stm32f1xx_hal_rcc.o
 .debug_aranges
                0x000005b0       0x58 build/stm32f1xx_hal_gpio.o
 .debug_aranges
                0x00000608       0x80 build/stm32f1xx_hal_dma.o
 .debug_aranges
                0x00000688       0xc0 build/stm32f1xx_hal_cortex.o
 .debug_aranges
                0x00000748      0x208 build/stm32f1xx_hal_uart.o
 .debug_aranges
                0x00000950       0x28 build/system_stm32f1xx.o
 .debug_aranges
                0x00000978       0xb0 build/mpu6050.o
 .debug_aranges
                0x00000a28       0x30 build/mpu6050_hw.o
 .debug_aranges
                0x00000a58       0x28 build/startup_stm32f103xb.o
 .debug_aranges
                0x00000a80       0x20 C:/msys64/mingw64/bin/../lib/gcc/arm-none-eabi/13.3.0/../../../../arm-none-eabi/lib/thumb/v7-m/nofp\libc_nano.a(libc_a-memset.o)
 .debug_aranges
                0x00000aa0       0x20 C:/msys64/mingw64/bin/../lib/gcc/arm-none-eabi/13.3.0/../../../../arm-none-eabi/lib/thumb/v7-m/nofp\libc_nano.a(libc_a-init.o)
 .debug_aranges
                0x00000ac0       0x20 C:/msys64/mingw64/bin/../lib/gcc/arm-none-eabi/13.3.0/thumb/v7-m/nofp\libgcc.a(_arm_addsubsf3.o)
 .debug_aranges
                0x00000ae0       0x20 C:/msys64/mingw64/bin/../lib/gcc/arm-none-eabi/13.3.0/thumb/v7-m/nofp\libgcc.a(_arm_muldivsf3.o)
 .debug_aranges
                0x00000b00       0x20 C:/msys64/mingw64/bin/../lib/gcc/arm-none-eabi/13.3.0/thumb/v7-m/nofp\libgcc.a(_arm_fixunssfsi.o)

.debug_ranges   0x00000000      0x9b8
 .debug_ranges  0x00000000       0x28 build/main.o
 .debug_ranges  0x00000028       0x10 build/hal_gpio.o
 .debug_ranges  0x00000038       0x30 build/hal_i2c.o
 .debug_ranges  0x00000068       0x38 build/hal_uart.o
 .debug_ranges  0x000000a0       0x68 build/stm32f1xx_it.o
 .debug_ranges  0x00000108       0x10 build/stm32f1xx_hal_msp.o
 .debug_ranges  0x00000118       0x10 build/syscfg.o
 .debug_ranges  0x00000128      0x2b0 build/stm32f1xx_hal_i2c.o
 .debug_ranges  0x000003d8       0xd0 build/stm32f1xx_hal.o
 .debug_ranges  0x000004a8       0xa0 build/stm32f1xx_hal_rcc.o
 .debug_ranges  0x00000548       0x48 build/stm32f1xx_hal_gpio.o
 .debug_ranges  0x00000590       0x70 build/stm32f1xx_hal_dma.o
 .debug_ranges  0x00000600       0xb0 build/stm32f1xx_hal_cortex.o
 .debug_ranges  0x000006b0      0x210 build/stm32f1xx_hal_uart.o
 .debug_ranges  0x000008c0       0x18 build/system_stm32f1xx.o
 .debug_ranges  0x000008d8       0xa0 build/mpu6050.o
 .debug_ranges  0x00000978       0x20 build/mpu6050_hw.o
 .debug_ranges  0x00000998       0x20 build/startup_stm32f103xb.o

.debug_line     0x00000000     0xcf2f
 .debug_line    0x00000000      0x2c2 build/main.o
 .debug_line    0x000002c2      0x192 build/hal_gpio.o
 .debug_line    0x00000454      0x2e2 build/hal_i2c.o
 .debug_line    0x00000736      0x309 build/hal_uart.o
 .debug_line    0x00000a3f      0x298 build/stm32f1xx_it.o
 .debug_line    0x00000cd7      0x119 build/stm32f1xx_hal_msp.o
 .debug_line    0x00000df0      0x1d4 build/syscfg.o
 .debug_line    0x00000fc4     0x55ea build/stm32f1xx_hal_i2c.o
 .debug_line    0x000065ae      0x4d0 build/stm32f1xx_hal.o
 .debug_line    0x00006a7e      0xc4c build/stm32f1xx_hal_rcc.o
 .debug_line    0x000076ca      0x572 build/stm32f1xx_hal_gpio.o
 .debug_line    0x00007c3c      0xa91 build/stm32f1xx_hal_dma.o
 .debug_line    0x000086cd      0x649 build/stm32f1xx_hal_cortex.o
 .debug_line    0x00008d16     0x3441 build/stm32f1xx_hal_uart.o
 .debug_line    0x0000c157      0x1e2 build/system_stm32f1xx.o
 .debug_line    0x0000c339      0x4a5 build/mpu6050.o
 .debug_line    0x0000c7de      0x14b build/mpu6050_hw.o
 .debug_line    0x0000c929       0x71 build/startup_stm32f103xb.o
 .debug_line    0x0000c99a      0x1cd C:/msys64/mingw64/bin/../lib/gcc/arm-none-eabi/13.3.0/../../../../arm-none-eabi/lib/thumb/v7-m/nofp\libc_nano.a(libc_a-memset.o)
 .debug_line    0x0000cb67      0x144 C:/msys64/mingw64/bin/../lib/gcc/arm-none-eabi/13.3.0/../../../../arm-none-eabi/lib/thumb/v7-m/nofp\libc_nano.a(libc_a-init.o)
 .debug_line    0x0000ccab      0x103 C:/msys64/mingw64/bin/../lib/gcc/arm-none-eabi/13.3.0/thumb/v7-m/nofp\libgcc.a(_arm_addsubsf3.o)
 .debug_line    0x0000cdae      0x123 C:/msys64/mingw64/bin/../lib/gcc/arm-none-eabi/13.3.0/thumb/v7-m/nofp\libgcc.a(_arm_muldivsf3.o)
 .debug_line    0x0000ced1       0x5e C:/msys64/mingw64/bin/../lib/gcc/arm-none-eabi/13.3.0/thumb/v7-m/nofp\libgcc.a(_arm_fixunssfsi.o)

.debug_str      0x00000000     0x3107
 .debug_str     0x00000000     0x3107 build/main.o
                                0x48b (size before relaxing)
 .debug_str     0x00003107      0x263 build/hal_gpio.o
 .debug_str     0x00003107      0xa9f build/hal_i2c.o
 .debug_str     0x00003107      0xa35 build/hal_uart.o
 .debug_str     0x00003107      0x8fa build/stm32f1xx_it.o
 .debug_str     0x00003107      0x1f3 build/stm32f1xx_hal_msp.o
 .debug_str     0x00003107      0x30f build/syscfg.o
 .debug_str     0x00003107      0xf9e build/stm32f1xx_hal_i2c.o
 .debug_str     0x00003107      0x807 build/stm32f1xx_hal.o
 .debug_str     0x00003107      0x604 build/stm32f1xx_hal_rcc.o
 .debug_str     0x00003107      0x3d9 build/stm32f1xx_hal_gpio.o
 .debug_str     0x00003107      0x5d6 build/stm32f1xx_hal_dma.o
 .debug_str     0x00003107      0x8ac build/stm32f1xx_hal_cortex.o
 .debug_str     0x00003107      0xccd build/stm32f1xx_hal_uart.o
 .debug_str     0x00003107      0x228 build/system_stm32f1xx.o
 .debug_str     0x00003107      0x51c build/mpu6050.o
 .debug_str     0x00003107      0x1e4 build/mpu6050_hw.o
 .debug_str     0x00003107       0x6b build/startup_stm32f103xb.o
 .debug_str     0x00003107      0x193 C:/msys64/mingw64/bin/../lib/gcc/arm-none-eabi/13.3.0/../../../../arm-none-eabi/lib/thumb/v7-m/nofp\libc_nano.a(libc_a-memset.o)
 .debug_str     0x00003107      0x1e0 C:/msys64/mingw64/bin/../lib/gcc/arm-none-eabi/13.3.0/../../../../arm-none-eabi/lib/thumb/v7-m/nofp\libc_nano.a(libc_a-init.o)
 .debug_str     0x00003107      0x11f C:/msys64/mingw64/bin/../lib/gcc/arm-none-eabi/13.3.0/thumb/v7-m/nofp\libgcc.a(_arm_addsubsf3.o)
 .debug_str     0x00003107       0xab C:/msys64/mingw64/bin/../lib/gcc/arm-none-eabi/13.3.0/thumb/v7-m/nofp\libgcc.a(_arm_muldivsf3.o)
 .debug_str     0x00003107       0x9a C:/msys64/mingw64/bin/../lib/gcc/arm-none-eabi/13.3.0/thumb/v7-m/nofp\libgcc.a(_arm_fixunssfsi.o)

.debug_frame    0x00000000     0x1d50
 .debug_frame   0x00000000       0x6c build/main.o
 .debug_frame   0x0000006c       0x30 build/hal_gpio.o
 .debug_frame   0x0000009c       0xa0 build/hal_i2c.o
 .debug_frame   0x0000013c       0xac build/hal_uart.o
 .debug_frame   0x000001e8       0xf0 build/stm32f1xx_it.o
 .debug_frame   0x000002d8       0x28 build/stm32f1xx_hal_msp.o
 .debug_frame   0x00000300       0x30 build/syscfg.o
 .debug_frame   0x00000330      0x988 build/stm32f1xx_hal_i2c.o
 .debug_frame   0x00000cb8      0x1cc build/stm32f1xx_hal.o
 .debug_frame   0x00000e84      0x184 build/stm32f1xx_hal_rcc.o
 .debug_frame   0x00001008       0xe4 build/stm32f1xx_hal_gpio.o
 .debug_frame   0x000010ec      0x144 build/stm32f1xx_hal_dma.o
 .debug_frame   0x00001230      0x19c build/stm32f1xx_hal_cortex.o
 .debug_frame   0x000013cc      0x5dc build/stm32f1xx_hal_uart.o
 .debug_frame   0x000019a8       0x30 build/system_stm32f1xx.o
 .debug_frame   0x000019d8      0x228 build/mpu6050.o
 .debug_frame   0x00001c00       0x50 build/mpu6050_hw.o
 .debug_frame   0x00001c50       0x2c C:/msys64/mingw64/bin/../lib/gcc/arm-none-eabi/13.3.0/../../../../arm-none-eabi/lib/thumb/v7-m/nofp\libc_nano.a(libc_a-memset.o)
 .debug_frame   0x00001c7c       0x2c C:/msys64/mingw64/bin/../lib/gcc/arm-none-eabi/13.3.0/../../../../arm-none-eabi/lib/thumb/v7-m/nofp\libc_nano.a(libc_a-init.o)
 .debug_frame   0x00001ca8       0x4c C:/msys64/mingw64/bin/../lib/gcc/arm-none-eabi/13.3.0/thumb/v7-m/nofp\libgcc.a(_arm_addsubsf3.o)
 .debug_frame   0x00001cf4       0x38 C:/msys64/mingw64/bin/../lib/gcc/arm-none-eabi/13.3.0/thumb/v7-m/nofp\libgcc.a(_arm_muldivsf3.o)
 .debug_frame   0x00001d2c       0x24 C:/msys64/mingw64/bin/../lib/gcc/arm-none-eabi/13.3.0/thumb/v7-m/nofp\libgcc.a(_arm_fixunssfsi.o)

.debug_loclists
                0x00000000      0x230
 .debug_loclists
                0x00000000      0x1cb C:/msys64/mingw64/bin/../lib/gcc/arm-none-eabi/13.3.0/../../../../arm-none-eabi/lib/thumb/v7-m/nofp\libc_nano.a(libc_a-memset.o)
 .debug_loclists
                0x000001cb       0x65 C:/msys64/mingw64/bin/../lib/gcc/arm-none-eabi/13.3.0/../../../../arm-none-eabi/lib/thumb/v7-m/nofp\libc_nano.a(libc_a-init.o)

.debug_line_str
                0x00000000       0x73
 .debug_line_str
                0x00000000       0x73 C:/msys64/mingw64/bin/../lib/gcc/arm-none-eabi/13.3.0/thumb/v7-m/nofp\libgcc.a(_arm_addsubsf3.o)
 .debug_line_str
                0x00000073       0x73 C:/msys64/mingw64/bin/../lib/gcc/arm-none-eabi/13.3.0/thumb/v7-m/nofp\libgcc.a(_arm_muldivsf3.o)
 .debug_line_str
                0x00000073       0x73 C:/msys64/mingw64/bin/../lib/gcc/arm-none-eabi/13.3.0/thumb/v7-m/nofp\libgcc.a(_arm_fixunssfsi.o)

Cross Reference Table

Symbol                                            File
ADC1_2_IRQHandler                                 build/startup_stm32f103xb.o
AHBPrescTable                                     build/system_stm32f1xx.o
                                                  build/stm32f1xx_hal_rcc.o
APBPrescTable                                     build/system_stm32f1xx.o
                                                  build/stm32f1xx_hal_rcc.o
BusFault_Handler                                  build/stm32f1xx_it.o
CAN1_RX1_IRQHandler                               build/startup_stm32f103xb.o
CAN1_SCE_IRQHandler                               build/startup_stm32f103xb.o
DMA1_Channel1_IRQHandler                          build/startup_stm32f103xb.o
DMA1_Channel2_IRQHandler                          build/startup_stm32f103xb.o
DMA1_Channel3_IRQHandler                          build/startup_stm32f103xb.o
DMA1_Channel4_IRQHandler                          build/startup_stm32f103xb.o
DMA1_Channel5_IRQHandler                          build/startup_stm32f103xb.o
DMA1_Channel6_IRQHandler                          build/startup_stm32f103xb.o
DMA1_Channel7_IRQHandler                          build/startup_stm32f103xb.o
DebugMon_Handler                                  build/stm32f1xx_it.o
Default_Handler                                   build/startup_stm32f103xb.o
EXTI0_IRQHandler                                  build/startup_stm32f103xb.o
EXTI15_10_IRQHandler                              build/startup_stm32f103xb.o
EXTI1_IRQHandler                                  build/startup_stm32f103xb.o
EXTI2_IRQHandler                                  build/startup_stm32f103xb.o
EXTI3_IRQHandler                                  build/startup_stm32f103xb.o
EXTI4_IRQHandler                                  build/startup_stm32f103xb.o
EXTI9_5_IRQHandler                                build/startup_stm32f103xb.o
Error_Handler                                     build/main.o
                                                  build/syscfg.o
                                                  build/hal_uart.o
                                                  build/hal_i2c.o
FLASH_IRQHandler                                  build/startup_stm32f103xb.o
FLASH_PageErase                                   build/stm32f1xx_hal_flash_ex.o
                                                  build/stm32f1xx_hal_flash.o
FLASH_WaitForLastOperation                        build/stm32f1xx_hal_flash.o
                                                  build/stm32f1xx_hal_flash_ex.o
HAL_DBGMCU_DisableDBGSleepMode                    build/stm32f1xx_hal.o
HAL_DBGMCU_DisableDBGStandbyMode                  build/stm32f1xx_hal.o
HAL_DBGMCU_DisableDBGStopMode                     build/stm32f1xx_hal.o
HAL_DBGMCU_EnableDBGSleepMode                     build/stm32f1xx_hal.o
HAL_DBGMCU_EnableDBGStandbyMode                   build/stm32f1xx_hal.o
HAL_DBGMCU_EnableDBGStopMode                      build/stm32f1xx_hal.o
HAL_DMA_Abort                                     build/stm32f1xx_hal_dma.o
                                                  build/stm32f1xx_hal_uart.o
HAL_DMA_Abort_IT                                  build/stm32f1xx_hal_dma.o
                                                  build/stm32f1xx_hal_uart.o
                                                  build/stm32f1xx_hal_i2c.o
HAL_DMA_DeInit                                    build/stm32f1xx_hal_dma.o
HAL_DMA_GetError                                  build/stm32f1xx_hal_dma.o
                                                  build/stm32f1xx_hal_uart.o
HAL_DMA_GetState                                  build/stm32f1xx_hal_dma.o
                                                  build/stm32f1xx_hal_i2c.o
HAL_DMA_IRQHandler                                build/stm32f1xx_hal_dma.o
HAL_DMA_Init                                      build/stm32f1xx_hal_dma.o
HAL_DMA_PollForTransfer                           build/stm32f1xx_hal_dma.o
HAL_DMA_RegisterCallback                          build/stm32f1xx_hal_dma.o
HAL_DMA_Start                                     build/stm32f1xx_hal_dma.o
HAL_DMA_Start_IT                                  build/stm32f1xx_hal_dma.o
                                                  build/stm32f1xx_hal_uart.o
                                                  build/stm32f1xx_hal_i2c.o
HAL_DMA_UnRegisterCallback                        build/stm32f1xx_hal_dma.o
HAL_DeInit                                        build/stm32f1xx_hal.o
HAL_Delay                                         build/stm32f1xx_hal.o
                                                  build/main.o
HAL_EXTI_ClearConfigLine                          build/stm32f1xx_hal_exti.o
HAL_EXTI_ClearPending                             build/stm32f1xx_hal_exti.o
HAL_EXTI_GenerateSWI                              build/stm32f1xx_hal_exti.o
HAL_EXTI_GetConfigLine                            build/stm32f1xx_hal_exti.o
HAL_EXTI_GetHandle                                build/stm32f1xx_hal_exti.o
HAL_EXTI_GetPending                               build/stm32f1xx_hal_exti.o
HAL_EXTI_IRQHandler                               build/stm32f1xx_hal_exti.o
HAL_EXTI_RegisterCallback                         build/stm32f1xx_hal_exti.o
HAL_EXTI_SetConfigLine                            build/stm32f1xx_hal_exti.o
HAL_FLASHEx_Erase                                 build/stm32f1xx_hal_flash_ex.o
HAL_FLASHEx_Erase_IT                              build/stm32f1xx_hal_flash_ex.o
HAL_FLASHEx_OBErase                               build/stm32f1xx_hal_flash_ex.o
HAL_FLASHEx_OBGetConfig                           build/stm32f1xx_hal_flash_ex.o
HAL_FLASHEx_OBGetUserData                         build/stm32f1xx_hal_flash_ex.o
HAL_FLASHEx_OBProgram                             build/stm32f1xx_hal_flash_ex.o
HAL_FLASH_EndOfOperationCallback                  build/stm32f1xx_hal_flash.o
HAL_FLASH_GetError                                build/stm32f1xx_hal_flash.o
HAL_FLASH_IRQHandler                              build/stm32f1xx_hal_flash.o
HAL_FLASH_Lock                                    build/stm32f1xx_hal_flash.o
HAL_FLASH_OB_Launch                               build/stm32f1xx_hal_flash.o
HAL_FLASH_OB_Lock                                 build/stm32f1xx_hal_flash.o
HAL_FLASH_OB_Unlock                               build/stm32f1xx_hal_flash.o
HAL_FLASH_OperationErrorCallback                  build/stm32f1xx_hal_flash.o
HAL_FLASH_Program                                 build/stm32f1xx_hal_flash.o
HAL_FLASH_Program_IT                              build/stm32f1xx_hal_flash.o
HAL_FLASH_Unlock                                  build/stm32f1xx_hal_flash.o
HAL_GPIOEx_ConfigEventout                         build/stm32f1xx_hal_gpio_ex.o
HAL_GPIOEx_DisableEventout                        build/stm32f1xx_hal_gpio_ex.o
HAL_GPIOEx_EnableEventout                         build/stm32f1xx_hal_gpio_ex.o
HAL_GPIO_DeInit                                   build/stm32f1xx_hal_gpio.o
                                                  build/hal_uart.o
                                                  build/hal_i2c.o
HAL_GPIO_EXTI_Callback                            build/stm32f1xx_hal_gpio.o
HAL_GPIO_EXTI_IRQHandler                          build/stm32f1xx_hal_gpio.o
HAL_GPIO_Init                                     build/stm32f1xx_hal_gpio.o
                                                  build/stm32f1xx_hal_rcc.o
                                                  build/hal_uart.o
                                                  build/hal_i2c.o
                                                  build/hal_gpio.o
HAL_GPIO_LockPin                                  build/stm32f1xx_hal_gpio.o
HAL_GPIO_ReadPin                                  build/stm32f1xx_hal_gpio.o
HAL_GPIO_TogglePin                                build/stm32f1xx_hal_gpio.o
HAL_GPIO_WritePin                                 build/stm32f1xx_hal_gpio.o
                                                  build/hal_gpio.o
                                                  build/main.o
HAL_GetDEVID                                      build/stm32f1xx_hal.o
HAL_GetHalVersion                                 build/stm32f1xx_hal.o
HAL_GetREVID                                      build/stm32f1xx_hal.o
HAL_GetTick                                       build/stm32f1xx_hal.o
                                                  build/stm32f1xx_hal_uart.o
                                                  build/stm32f1xx_hal_flash.o
                                                  build/stm32f1xx_hal_dma.o
                                                  build/stm32f1xx_hal_rcc_ex.o
                                                  build/stm32f1xx_hal_rcc.o
                                                  build/stm32f1xx_hal_i2c.o
HAL_GetTickFreq                                   build/stm32f1xx_hal.o
HAL_GetTickPrio                                   build/stm32f1xx_hal.o
HAL_GetUIDw0                                      build/stm32f1xx_hal.o
HAL_GetUIDw1                                      build/stm32f1xx_hal.o
HAL_GetUIDw2                                      build/stm32f1xx_hal.o
HAL_HalfDuplex_EnableReceiver                     build/stm32f1xx_hal_uart.o
HAL_HalfDuplex_EnableTransmitter                  build/stm32f1xx_hal_uart.o
HAL_HalfDuplex_Init                               build/stm32f1xx_hal_uart.o
HAL_I2C_AbortCpltCallback                         build/stm32f1xx_hal_i2c.o
HAL_I2C_AddrCallback                              build/stm32f1xx_hal_i2c.o
HAL_I2C_DeInit                                    build/stm32f1xx_hal_i2c.o
HAL_I2C_DisableListen_IT                          build/stm32f1xx_hal_i2c.o
HAL_I2C_ER_IRQHandler                             build/stm32f1xx_hal_i2c.o
                                                  build/stm32f1xx_it.o
HAL_I2C_EV_IRQHandler                             build/stm32f1xx_hal_i2c.o
                                                  build/stm32f1xx_it.o
HAL_I2C_EnableListen_IT                           build/stm32f1xx_hal_i2c.o
HAL_I2C_ErrorCallback                             build/stm32f1xx_hal_i2c.o
HAL_I2C_GetError                                  build/stm32f1xx_hal_i2c.o
HAL_I2C_GetMode                                   build/stm32f1xx_hal_i2c.o
HAL_I2C_GetState                                  build/stm32f1xx_hal_i2c.o
HAL_I2C_Init                                      build/stm32f1xx_hal_i2c.o
                                                  build/hal_i2c.o
HAL_I2C_IsDeviceReady                             build/stm32f1xx_hal_i2c.o
HAL_I2C_ListenCpltCallback                        build/stm32f1xx_hal_i2c.o
HAL_I2C_MasterRxCpltCallback                      build/stm32f1xx_hal_i2c.o
HAL_I2C_MasterTxCpltCallback                      build/stm32f1xx_hal_i2c.o
HAL_I2C_Master_Abort_IT                           build/stm32f1xx_hal_i2c.o
HAL_I2C_Master_Receive                            build/stm32f1xx_hal_i2c.o
                                                  build/hal_i2c.o
HAL_I2C_Master_Receive_DMA                        build/stm32f1xx_hal_i2c.o
HAL_I2C_Master_Receive_IT                         build/stm32f1xx_hal_i2c.o
HAL_I2C_Master_Seq_Receive_DMA                    build/stm32f1xx_hal_i2c.o
HAL_I2C_Master_Seq_Receive_IT                     build/stm32f1xx_hal_i2c.o
HAL_I2C_Master_Seq_Transmit_DMA                   build/stm32f1xx_hal_i2c.o
HAL_I2C_Master_Seq_Transmit_IT                    build/stm32f1xx_hal_i2c.o
HAL_I2C_Master_Transmit                           build/stm32f1xx_hal_i2c.o
                                                  build/hal_i2c.o
HAL_I2C_Master_Transmit_DMA                       build/stm32f1xx_hal_i2c.o
HAL_I2C_Master_Transmit_IT                        build/stm32f1xx_hal_i2c.o
HAL_I2C_MemRxCpltCallback                         build/stm32f1xx_hal_i2c.o
HAL_I2C_MemTxCpltCallback                         build/stm32f1xx_hal_i2c.o
HAL_I2C_Mem_Read                                  build/stm32f1xx_hal_i2c.o
HAL_I2C_Mem_Read_DMA                              build/stm32f1xx_hal_i2c.o
HAL_I2C_Mem_Read_IT                               build/stm32f1xx_hal_i2c.o
HAL_I2C_Mem_Write                                 build/stm32f1xx_hal_i2c.o
HAL_I2C_Mem_Write_DMA                             build/stm32f1xx_hal_i2c.o
HAL_I2C_Mem_Write_IT                              build/stm32f1xx_hal_i2c.o
HAL_I2C_MspDeInit                                 build/hal_i2c.o
HAL_I2C_MspInit                                   build/hal_i2c.o
HAL_I2C_SlaveRxCpltCallback                       build/stm32f1xx_hal_i2c.o
HAL_I2C_SlaveTxCpltCallback                       build/stm32f1xx_hal_i2c.o
HAL_I2C_Slave_Receive                             build/stm32f1xx_hal_i2c.o
HAL_I2C_Slave_Receive_DMA                         build/stm32f1xx_hal_i2c.o
HAL_I2C_Slave_Receive_IT                          build/stm32f1xx_hal_i2c.o
HAL_I2C_Slave_Seq_Receive_DMA                     build/stm32f1xx_hal_i2c.o
HAL_I2C_Slave_Seq_Receive_IT                      build/stm32f1xx_hal_i2c.o
HAL_I2C_Slave_Seq_Transmit_DMA                    build/stm32f1xx_hal_i2c.o
HAL_I2C_Slave_Seq_Transmit_IT                     build/stm32f1xx_hal_i2c.o
HAL_I2C_Slave_Transmit                            build/stm32f1xx_hal_i2c.o
HAL_I2C_Slave_Transmit_DMA                        build/stm32f1xx_hal_i2c.o
HAL_I2C_Slave_Transmit_IT                         build/stm32f1xx_hal_i2c.o
HAL_IncTick                                       build/stm32f1xx_hal.o
                                                  build/stm32f1xx_it.o
HAL_Init                                          build/stm32f1xx_hal.o
                                                  build/main.o
HAL_InitTick                                      build/stm32f1xx_hal.o
                                                  build/stm32f1xx_hal_rcc.o
HAL_LIN_Init                                      build/stm32f1xx_hal_uart.o
HAL_LIN_SendBreak                                 build/stm32f1xx_hal_uart.o
HAL_MspDeInit                                     build/stm32f1xx_hal.o
HAL_MspInit                                       build/stm32f1xx_hal_msp.o
HAL_MultiProcessor_EnterMuteMode                  build/stm32f1xx_hal_uart.o
HAL_MultiProcessor_ExitMuteMode                   build/stm32f1xx_hal_uart.o
HAL_MultiProcessor_Init                           build/stm32f1xx_hal_uart.o
HAL_NVIC_ClearPendingIRQ                          build/stm32f1xx_hal_cortex.o
HAL_NVIC_DisableIRQ                               build/stm32f1xx_hal_cortex.o
                                                  build/hal_uart.o
                                                  build/hal_i2c.o
HAL_NVIC_EnableIRQ                                build/stm32f1xx_hal_cortex.o
                                                  build/hal_uart.o
                                                  build/hal_i2c.o
HAL_NVIC_GetActive                                build/stm32f1xx_hal_cortex.o
HAL_NVIC_GetPendingIRQ                            build/stm32f1xx_hal_cortex.o
HAL_NVIC_GetPriority                              build/stm32f1xx_hal_cortex.o
HAL_NVIC_GetPriorityGrouping                      build/stm32f1xx_hal_cortex.o
HAL_NVIC_SetPendingIRQ                            build/stm32f1xx_hal_cortex.o
HAL_NVIC_SetPriority                              build/stm32f1xx_hal_cortex.o
                                                  build/stm32f1xx_hal.o
                                                  build/hal_uart.o
                                                  build/hal_i2c.o
HAL_NVIC_SetPriorityGrouping                      build/stm32f1xx_hal_cortex.o
                                                  build/stm32f1xx_hal.o
HAL_NVIC_SystemReset                              build/stm32f1xx_hal_cortex.o
                                                  build/stm32f1xx_hal_flash.o
HAL_PWR_ConfigPVD                                 build/stm32f1xx_hal_pwr.o
HAL_PWR_DeInit                                    build/stm32f1xx_hal_pwr.o
HAL_PWR_DisableBkUpAccess                         build/stm32f1xx_hal_pwr.o
HAL_PWR_DisablePVD                                build/stm32f1xx_hal_pwr.o
HAL_PWR_DisableSEVOnPend                          build/stm32f1xx_hal_pwr.o
HAL_PWR_DisableSleepOnExit                        build/stm32f1xx_hal_pwr.o
HAL_PWR_DisableWakeUpPin                          build/stm32f1xx_hal_pwr.o
HAL_PWR_EnableBkUpAccess                          build/stm32f1xx_hal_pwr.o
HAL_PWR_EnablePVD                                 build/stm32f1xx_hal_pwr.o
HAL_PWR_EnableSEVOnPend                           build/stm32f1xx_hal_pwr.o
HAL_PWR_EnableSleepOnExit                         build/stm32f1xx_hal_pwr.o
HAL_PWR_EnableWakeUpPin                           build/stm32f1xx_hal_pwr.o
HAL_PWR_EnterSLEEPMode                            build/stm32f1xx_hal_pwr.o
HAL_PWR_EnterSTANDBYMode                          build/stm32f1xx_hal_pwr.o
HAL_PWR_EnterSTOPMode                             build/stm32f1xx_hal_pwr.o
HAL_PWR_PVDCallback                               build/stm32f1xx_hal_pwr.o
HAL_PWR_PVD_IRQHandler                            build/stm32f1xx_hal_pwr.o
HAL_RCCEx_GetPeriphCLKConfig                      build/stm32f1xx_hal_rcc_ex.o
HAL_RCCEx_GetPeriphCLKFreq                        build/stm32f1xx_hal_rcc_ex.o
HAL_RCCEx_PeriphCLKConfig                         build/stm32f1xx_hal_rcc_ex.o
HAL_RCC_CSSCallback                               build/stm32f1xx_hal_rcc.o
HAL_RCC_ClockConfig                               build/stm32f1xx_hal_rcc.o
                                                  build/syscfg.o
HAL_RCC_DeInit                                    build/stm32f1xx_hal_rcc.o
HAL_RCC_DisableCSS                                build/stm32f1xx_hal_rcc.o
HAL_RCC_EnableCSS                                 build/stm32f1xx_hal_rcc.o
HAL_RCC_GetClockConfig                            build/stm32f1xx_hal_rcc.o
HAL_RCC_GetHCLKFreq                               build/stm32f1xx_hal_rcc.o
HAL_RCC_GetOscConfig                              build/stm32f1xx_hal_rcc.o
HAL_RCC_GetPCLK1Freq                              build/stm32f1xx_hal_rcc.o
                                                  build/stm32f1xx_hal_uart.o
                                                  build/stm32f1xx_hal_i2c.o
HAL_RCC_GetPCLK2Freq                              build/stm32f1xx_hal_rcc.o
                                                  build/stm32f1xx_hal_uart.o
                                                  build/stm32f1xx_hal_rcc_ex.o
HAL_RCC_GetSysClockFreq                           build/stm32f1xx_hal_rcc.o
HAL_RCC_MCOConfig                                 build/stm32f1xx_hal_rcc.o
HAL_RCC_NMI_IRQHandler                            build/stm32f1xx_hal_rcc.o
HAL_RCC_OscConfig                                 build/stm32f1xx_hal_rcc.o
                                                  build/syscfg.o
HAL_ResumeTick                                    build/stm32f1xx_hal.o
HAL_SYSTICK_CLKSourceConfig                       build/stm32f1xx_hal_cortex.o
HAL_SYSTICK_Callback                              build/stm32f1xx_hal_cortex.o
HAL_SYSTICK_Config                                build/stm32f1xx_hal_cortex.o
                                                  build/stm32f1xx_hal.o
HAL_SYSTICK_IRQHandler                            build/stm32f1xx_hal_cortex.o
HAL_SetTickFreq                                   build/stm32f1xx_hal.o
HAL_SuspendTick                                   build/stm32f1xx_hal.o
HAL_UARTEx_GetRxEventType                         build/stm32f1xx_hal_uart.o
HAL_UARTEx_ReceiveToIdle                          build/stm32f1xx_hal_uart.o
HAL_UARTEx_ReceiveToIdle_DMA                      build/stm32f1xx_hal_uart.o
HAL_UARTEx_ReceiveToIdle_IT                       build/stm32f1xx_hal_uart.o
HAL_UARTEx_RxEventCallback                        build/stm32f1xx_hal_uart.o
HAL_UART_Abort                                    build/stm32f1xx_hal_uart.o
HAL_UART_AbortCpltCallback                        build/stm32f1xx_hal_uart.o
HAL_UART_AbortReceive                             build/stm32f1xx_hal_uart.o
HAL_UART_AbortReceiveCpltCallback                 build/stm32f1xx_hal_uart.o
HAL_UART_AbortReceive_IT                          build/stm32f1xx_hal_uart.o
HAL_UART_AbortTransmit                            build/stm32f1xx_hal_uart.o
HAL_UART_AbortTransmitCpltCallback                build/stm32f1xx_hal_uart.o
HAL_UART_AbortTransmit_IT                         build/stm32f1xx_hal_uart.o
HAL_UART_Abort_IT                                 build/stm32f1xx_hal_uart.o
HAL_UART_DMAPause                                 build/stm32f1xx_hal_uart.o
HAL_UART_DMAResume                                build/stm32f1xx_hal_uart.o
HAL_UART_DMAStop                                  build/stm32f1xx_hal_uart.o
HAL_UART_DeInit                                   build/stm32f1xx_hal_uart.o
HAL_UART_ErrorCallback                            build/stm32f1xx_hal_uart.o
HAL_UART_GetError                                 build/stm32f1xx_hal_uart.o
HAL_UART_GetState                                 build/stm32f1xx_hal_uart.o
HAL_UART_IRQHandler                               build/stm32f1xx_hal_uart.o
                                                  build/stm32f1xx_it.o
HAL_UART_Init                                     build/stm32f1xx_hal_uart.o
                                                  build/hal_uart.o
HAL_UART_MspDeInit                                build/hal_uart.o
HAL_UART_MspInit                                  build/hal_uart.o
HAL_UART_Receive                                  build/stm32f1xx_hal_uart.o
HAL_UART_Receive_DMA                              build/stm32f1xx_hal_uart.o
HAL_UART_Receive_IT                               build/stm32f1xx_hal_uart.o
                                                  build/hal_uart.o
HAL_UART_RxCpltCallback                           build/hal_uart.o
HAL_UART_RxHalfCpltCallback                       build/stm32f1xx_hal_uart.o
HAL_UART_Transmit                                 build/stm32f1xx_hal_uart.o
                                                  build/hal_uart.o
HAL_UART_Transmit_DMA                             build/stm32f1xx_hal_uart.o
HAL_UART_Transmit_IT                              build/stm32f1xx_hal_uart.o
HAL_UART_TxCpltCallback                           build/stm32f1xx_hal_uart.o
HAL_UART_TxHalfCpltCallback                       build/stm32f1xx_hal_uart.o
HardFault_Handler                                 build/stm32f1xx_it.o
I2C1_ER_IRQHandler                                build/stm32f1xx_it.o
I2C1_EV_IRQHandler                                build/stm32f1xx_it.o
I2C2_ER_IRQHandler                                build/startup_stm32f103xb.o
I2C2_EV_IRQHandler                                build/startup_stm32f103xb.o
MX_GPIO_Init                                      build/hal_gpio.o
                                                  build/main.o
MX_I2C1_Init                                      build/hal_i2c.o
                                                  build/main.o
MX_USART1_UART_Init                               build/hal_uart.o
                                                  build/main.o
MemManage_Handler                                 build/stm32f1xx_it.o
NMI_Handler                                       build/stm32f1xx_it.o
PVD_IRQHandler                                    build/startup_stm32f103xb.o
PendSV_Handler                                    build/stm32f1xx_it.o
RCC_IRQHandler                                    build/startup_stm32f103xb.o
RTC_Alarm_IRQHandler                              build/startup_stm32f103xb.o
RTC_IRQHandler                                    build/startup_stm32f103xb.o
Reset_Handler                                     build/startup_stm32f103xb.o
SPI1_IRQHandler                                   build/startup_stm32f103xb.o
SPI2_IRQHandler                                   build/startup_stm32f103xb.o
SVC_Handler                                       build/stm32f1xx_it.o
SysTick_Handler                                   build/stm32f1xx_it.o
SystemClock_Config                                build/syscfg.o
                                                  build/main.o
SystemCoreClock                                   build/system_stm32f1xx.o
                                                  build/stm32f1xx_hal_rcc.o
                                                  build/stm32f1xx_hal.o
                                                  build/stm32f1xx_hal_i2c.o
SystemCoreClockUpdate                             build/system_stm32f1xx.o
SystemInit                                        build/system_stm32f1xx.o
                                                  build/startup_stm32f103xb.o
TAMPER_IRQHandler                                 build/startup_stm32f103xb.o
TIM1_BRK_IRQHandler                               build/startup_stm32f103xb.o
TIM1_CC_IRQHandler                                build/startup_stm32f103xb.o
TIM1_TRG_COM_IRQHandler                           build/startup_stm32f103xb.o
TIM1_UP_IRQHandler                                build/startup_stm32f103xb.o
TIM2_IRQHandler                                   build/startup_stm32f103xb.o
TIM3_IRQHandler                                   build/startup_stm32f103xb.o
TIM4_IRQHandler                                   build/startup_stm32f103xb.o
UART_Start_Receive_DMA                            build/stm32f1xx_hal_uart.o
UART_Start_Receive_IT                             build/stm32f1xx_hal_uart.o
USART1_IRQHandler                                 build/stm32f1xx_it.o
USART2_IRQHandler                                 build/startup_stm32f103xb.o
USART3_IRQHandler                                 build/startup_stm32f103xb.o
USBWakeUp_IRQHandler                              build/startup_stm32f103xb.o
USB_HP_CAN1_TX_IRQHandler                         build/startup_stm32f103xb.o
USB_LP_CAN1_RX0_IRQHandler                        build/startup_stm32f103xb.o
UsageFault_Handler                                build/stm32f1xx_it.o
WWDG_IRQHandler                                   build/startup_stm32f103xb.o
_Min_Stack_Size                                   build/sysmem.o
__addsf3                                          C:/msys64/mingw64/bin/../lib/gcc/arm-none-eabi/13.3.0/thumb/v7-m/nofp\libgcc.a(_arm_addsubsf3.o)
__aeabi_f2uiz                                     C:/msys64/mingw64/bin/../lib/gcc/arm-none-eabi/13.3.0/thumb/v7-m/nofp\libgcc.a(_arm_fixunssfsi.o)
                                                  build/main.o
__aeabi_fadd                                      C:/msys64/mingw64/bin/../lib/gcc/arm-none-eabi/13.3.0/thumb/v7-m/nofp\libgcc.a(_arm_addsubsf3.o)
                                                  build/mpu6050.o
__aeabi_fdiv                                      C:/msys64/mingw64/bin/../lib/gcc/arm-none-eabi/13.3.0/thumb/v7-m/nofp\libgcc.a(_arm_muldivsf3.o)
                                                  build/mpu6050.o
__aeabi_fmul                                      C:/msys64/mingw64/bin/../lib/gcc/arm-none-eabi/13.3.0/thumb/v7-m/nofp\libgcc.a(_arm_muldivsf3.o)
                                                  C:/msys64/mingw64/bin/../lib/gcc/arm-none-eabi/13.3.0/thumb/v7-m/nofp\libgcc.a(_arm_mulsf3.o)
                                                  build/main.o
__aeabi_frsub                                     C:/msys64/mingw64/bin/../lib/gcc/arm-none-eabi/13.3.0/thumb/v7-m/nofp\libgcc.a(_arm_addsubsf3.o)
__aeabi_fsub                                      C:/msys64/mingw64/bin/../lib/gcc/arm-none-eabi/13.3.0/thumb/v7-m/nofp\libgcc.a(_arm_addsubsf3.o)
__aeabi_i2f                                       C:/msys64/mingw64/bin/../lib/gcc/arm-none-eabi/13.3.0/thumb/v7-m/nofp\libgcc.a(_arm_addsubsf3.o)
                                                  build/mpu6050.o
__aeabi_l2f                                       C:/msys64/mingw64/bin/../lib/gcc/arm-none-eabi/13.3.0/thumb/v7-m/nofp\libgcc.a(_arm_addsubsf3.o)
__aeabi_ui2f                                      C:/msys64/mingw64/bin/../lib/gcc/arm-none-eabi/13.3.0/thumb/v7-m/nofp\libgcc.a(_arm_addsubsf3.o)
                                                  build/mpu6050.o
__aeabi_ul2f                                      C:/msys64/mingw64/bin/../lib/gcc/arm-none-eabi/13.3.0/thumb/v7-m/nofp\libgcc.a(_arm_addsubsf3.o)
__atexit                                          C:/msys64/mingw64/bin/../lib/gcc/arm-none-eabi/13.3.0/../../../../arm-none-eabi/lib/thumb/v7-m/nofp\libc_nano.a(libc_a-__call_atexit.o)
                                                  C:/msys64/mingw64/bin/../lib/gcc/arm-none-eabi/13.3.0/../../../../arm-none-eabi/lib/thumb/v7-m/nofp\libc_nano.a(libc_a-__atexit.o)
__atexit0                                         C:/msys64/mingw64/bin/../lib/gcc/arm-none-eabi/13.3.0/../../../../arm-none-eabi/lib/thumb/v7-m/nofp\libc_nano.a(libc_a-__atexit.o)
__atexit_dummy                                    C:/msys64/mingw64/bin/../lib/gcc/arm-none-eabi/13.3.0/../../../../arm-none-eabi/lib/thumb/v7-m/nofp\libc_nano.a(libc_a-__atexit.o)
__atexit_recursive_mutex                          C:/msys64/mingw64/bin/../lib/gcc/arm-none-eabi/13.3.0/../../../../arm-none-eabi/lib/thumb/v7-m/nofp\libc_nano.a(libc_a-__call_atexit.o)
                                                  C:/msys64/mingw64/bin/../lib/gcc/arm-none-eabi/13.3.0/../../../../arm-none-eabi/lib/thumb/v7-m/nofp\libc_nano.a(libc_a-__atexit.o)
__bss_end__                                       C:/msys64/mingw64/bin/../lib/gcc/arm-none-eabi/13.3.0/../../../../arm-none-eabi/lib/thumb/v7-m/nofp/crt0.o
__bss_start__                                     C:/msys64/mingw64/bin/../lib/gcc/arm-none-eabi/13.3.0/../../../../arm-none-eabi/lib/thumb/v7-m/nofp/crt0.o
__call_exitprocs                                  C:/msys64/mingw64/bin/../lib/gcc/arm-none-eabi/13.3.0/../../../../arm-none-eabi/lib/thumb/v7-m/nofp\libc_nano.a(libc_a-__call_atexit.o)
                                                  C:/msys64/mingw64/bin/../lib/gcc/arm-none-eabi/13.3.0/../../../../arm-none-eabi/lib/thumb/v7-m/nofp\libc_nano.a(libc_a-__atexit.o)
                                                  C:/msys64/mingw64/bin/../lib/gcc/arm-none-eabi/13.3.0/../../../../arm-none-eabi/lib/thumb/v7-m/nofp\libc_nano.a(libc_a-exit.o)
__deregister_frame_info                           C:/msys64/mingw64/bin/../lib/gcc/arm-none-eabi/13.3.0/thumb/v7-m/nofp/crtbegin.o
__divsf3                                          C:/msys64/mingw64/bin/../lib/gcc/arm-none-eabi/13.3.0/thumb/v7-m/nofp\libgcc.a(_arm_muldivsf3.o)
__dso_handle                                      C:/msys64/mingw64/bin/../lib/gcc/arm-none-eabi/13.3.0/thumb/v7-m/nofp/crtbegin.o
__env                                             build/syscalls.o
__errno                                           C:/msys64/mingw64/bin/../lib/gcc/arm-none-eabi/13.3.0/../../../../arm-none-eabi/lib/thumb/v7-m/nofp\libc_nano.a(libc_a-errno.o)
                                                  build/syscalls.o
                                                  build/sysmem.o
__fini_array_end                                  C:/msys64/mingw64/bin/../lib/gcc/arm-none-eabi/13.3.0/../../../../arm-none-eabi/lib/thumb/v7-m/nofp\libc_nano.a(libc_a-fini.o)
__fini_array_start                                C:/msys64/mingw64/bin/../lib/gcc/arm-none-eabi/13.3.0/../../../../arm-none-eabi/lib/thumb/v7-m/nofp\libc_nano.a(libc_a-fini.o)
__fixunssfsi                                      C:/msys64/mingw64/bin/../lib/gcc/arm-none-eabi/13.3.0/thumb/v7-m/nofp\libgcc.a(_arm_fixunssfsi.o)
__floatdisf                                       C:/msys64/mingw64/bin/../lib/gcc/arm-none-eabi/13.3.0/thumb/v7-m/nofp\libgcc.a(_arm_addsubsf3.o)
__floatsisf                                       C:/msys64/mingw64/bin/../lib/gcc/arm-none-eabi/13.3.0/thumb/v7-m/nofp\libgcc.a(_arm_addsubsf3.o)
__floatundisf                                     C:/msys64/mingw64/bin/../lib/gcc/arm-none-eabi/13.3.0/thumb/v7-m/nofp\libgcc.a(_arm_addsubsf3.o)
__floatunsisf                                     C:/msys64/mingw64/bin/../lib/gcc/arm-none-eabi/13.3.0/thumb/v7-m/nofp\libgcc.a(_arm_addsubsf3.o)
__fp_lock_all                                     C:/msys64/mingw64/bin/../lib/gcc/arm-none-eabi/13.3.0/../../../../arm-none-eabi/lib/thumb/v7-m/nofp\libc_nano.a(libc_a-findfp.o)
__fp_unlock_all                                   C:/msys64/mingw64/bin/../lib/gcc/arm-none-eabi/13.3.0/../../../../arm-none-eabi/lib/thumb/v7-m/nofp\libc_nano.a(libc_a-findfp.o)
__init_array_end                                  C:/msys64/mingw64/bin/../lib/gcc/arm-none-eabi/13.3.0/../../../../arm-none-eabi/lib/thumb/v7-m/nofp\libc_nano.a(libc_a-init.o)
__init_array_start                                C:/msys64/mingw64/bin/../lib/gcc/arm-none-eabi/13.3.0/../../../../arm-none-eabi/lib/thumb/v7-m/nofp\libc_nano.a(libc_a-init.o)
__io_getchar                                      build/syscalls.o
__io_putchar                                      build/syscalls.o
__libc_fini_array                                 C:/msys64/mingw64/bin/../lib/gcc/arm-none-eabi/13.3.0/../../../../arm-none-eabi/lib/thumb/v7-m/nofp\libc_nano.a(libc_a-fini.o)
                                                  C:/msys64/mingw64/bin/../lib/gcc/arm-none-eabi/13.3.0/../../../../arm-none-eabi/lib/thumb/v7-m/nofp/crt0.o
__libc_init_array                                 C:/msys64/mingw64/bin/../lib/gcc/arm-none-eabi/13.3.0/../../../../arm-none-eabi/lib/thumb/v7-m/nofp\libc_nano.a(libc_a-init.o)
                                                  build/startup_stm32f103xb.o
                                                  C:/msys64/mingw64/bin/../lib/gcc/arm-none-eabi/13.3.0/../../../../arm-none-eabi/lib/thumb/v7-m/nofp/crt0.o
__lock___arc4random_mutex                         C:/msys64/mingw64/bin/../lib/gcc/arm-none-eabi/13.3.0/../../../../arm-none-eabi/lib/thumb/v7-m/nofp\libc_nano.a(libc_a-lock.o)
__lock___at_quick_exit_mutex                      C:/msys64/mingw64/bin/../lib/gcc/arm-none-eabi/13.3.0/../../../../arm-none-eabi/lib/thumb/v7-m/nofp\libc_nano.a(libc_a-lock.o)
__lock___atexit_recursive_mutex                   C:/msys64/mingw64/bin/../lib/gcc/arm-none-eabi/13.3.0/../../../../arm-none-eabi/lib/thumb/v7-m/nofp\libc_nano.a(libc_a-lock.o)
                                                  C:/msys64/mingw64/bin/../lib/gcc/arm-none-eabi/13.3.0/../../../../arm-none-eabi/lib/thumb/v7-m/nofp\libc_nano.a(libc_a-__call_atexit.o)
__lock___dd_hash_mutex                            C:/msys64/mingw64/bin/../lib/gcc/arm-none-eabi/13.3.0/../../../../arm-none-eabi/lib/thumb/v7-m/nofp\libc_nano.a(libc_a-lock.o)
__lock___env_recursive_mutex                      C:/msys64/mingw64/bin/../lib/gcc/arm-none-eabi/13.3.0/../../../../arm-none-eabi/lib/thumb/v7-m/nofp\libc_nano.a(libc_a-lock.o)
__lock___malloc_recursive_mutex                   C:/msys64/mingw64/bin/../lib/gcc/arm-none-eabi/13.3.0/../../../../arm-none-eabi/lib/thumb/v7-m/nofp\libc_nano.a(libc_a-lock.o)
                                                  C:/msys64/mingw64/bin/../lib/gcc/arm-none-eabi/13.3.0/../../../../arm-none-eabi/lib/thumb/v7-m/nofp\libc_nano.a(libc_a-mlock.o)
__lock___sfp_recursive_mutex                      C:/msys64/mingw64/bin/../lib/gcc/arm-none-eabi/13.3.0/../../../../arm-none-eabi/lib/thumb/v7-m/nofp\libc_nano.a(libc_a-lock.o)
                                                  C:/msys64/mingw64/bin/../lib/gcc/arm-none-eabi/13.3.0/../../../../arm-none-eabi/lib/thumb/v7-m/nofp\libc_nano.a(libc_a-findfp.o)
__lock___tz_mutex                                 C:/msys64/mingw64/bin/../lib/gcc/arm-none-eabi/13.3.0/../../../../arm-none-eabi/lib/thumb/v7-m/nofp\libc_nano.a(libc_a-lock.o)
__malloc_free_list                                C:/msys64/mingw64/bin/../lib/gcc/arm-none-eabi/13.3.0/../../../../arm-none-eabi/lib/thumb/v7-m/nofp\libc_nano.a(libc_a-mallocr.o)
                                                  C:/msys64/mingw64/bin/../lib/gcc/arm-none-eabi/13.3.0/../../../../arm-none-eabi/lib/thumb/v7-m/nofp\libc_nano.a(libc_a-freer.o)
__malloc_lock                                     C:/msys64/mingw64/bin/../lib/gcc/arm-none-eabi/13.3.0/../../../../arm-none-eabi/lib/thumb/v7-m/nofp\libc_nano.a(libc_a-mlock.o)
                                                  C:/msys64/mingw64/bin/../lib/gcc/arm-none-eabi/13.3.0/../../../../arm-none-eabi/lib/thumb/v7-m/nofp\libc_nano.a(libc_a-mallocr.o)
                                                  C:/msys64/mingw64/bin/../lib/gcc/arm-none-eabi/13.3.0/../../../../arm-none-eabi/lib/thumb/v7-m/nofp\libc_nano.a(libc_a-freer.o)
__malloc_sbrk_start                               C:/msys64/mingw64/bin/../lib/gcc/arm-none-eabi/13.3.0/../../../../arm-none-eabi/lib/thumb/v7-m/nofp\libc_nano.a(libc_a-mallocr.o)
__malloc_unlock                                   C:/msys64/mingw64/bin/../lib/gcc/arm-none-eabi/13.3.0/../../../../arm-none-eabi/lib/thumb/v7-m/nofp\libc_nano.a(libc_a-mlock.o)
                                                  C:/msys64/mingw64/bin/../lib/gcc/arm-none-eabi/13.3.0/../../../../arm-none-eabi/lib/thumb/v7-m/nofp\libc_nano.a(libc_a-mallocr.o)
                                                  C:/msys64/mingw64/bin/../lib/gcc/arm-none-eabi/13.3.0/../../../../arm-none-eabi/lib/thumb/v7-m/nofp\libc_nano.a(libc_a-freer.o)
__mulsf3                                          C:/msys64/mingw64/bin/../lib/gcc/arm-none-eabi/13.3.0/thumb/v7-m/nofp\libgcc.a(_arm_muldivsf3.o)
                                                  C:/msys64/mingw64/bin/../lib/gcc/arm-none-eabi/13.3.0/thumb/v7-m/nofp\libgcc.a(_arm_mulsf3.o)
__on_exit_args                                    C:/msys64/mingw64/bin/../lib/gcc/arm-none-eabi/13.3.0/../../../../arm-none-eabi/lib/thumb/v7-m/nofp\libc_nano.a(libc_a-__atexit.o)
__preinit_array_end                               C:/msys64/mingw64/bin/../lib/gcc/arm-none-eabi/13.3.0/../../../../arm-none-eabi/lib/thumb/v7-m/nofp\libc_nano.a(libc_a-init.o)
__preinit_array_start                             C:/msys64/mingw64/bin/../lib/gcc/arm-none-eabi/13.3.0/../../../../arm-none-eabi/lib/thumb/v7-m/nofp\libc_nano.a(libc_a-init.o)
__register_exitproc                               C:/msys64/mingw64/bin/../lib/gcc/arm-none-eabi/13.3.0/../../../../arm-none-eabi/lib/thumb/v7-m/nofp\libc_nano.a(libc_a-__atexit.o)
                                                  C:/msys64/mingw64/bin/../lib/gcc/arm-none-eabi/13.3.0/../../../../arm-none-eabi/lib/thumb/v7-m/nofp\libc_nano.a(libc_a-atexit.o)
__register_frame_info                             C:/msys64/mingw64/bin/../lib/gcc/arm-none-eabi/13.3.0/thumb/v7-m/nofp/crtbegin.o
__retarget_lock_acquire                           C:/msys64/mingw64/bin/../lib/gcc/arm-none-eabi/13.3.0/../../../../arm-none-eabi/lib/thumb/v7-m/nofp\libc_nano.a(libc_a-lock.o)
__retarget_lock_acquire_recursive                 C:/msys64/mingw64/bin/../lib/gcc/arm-none-eabi/13.3.0/../../../../arm-none-eabi/lib/thumb/v7-m/nofp\libc_nano.a(libc_a-lock.o)
                                                  C:/msys64/mingw64/bin/../lib/gcc/arm-none-eabi/13.3.0/../../../../arm-none-eabi/lib/thumb/v7-m/nofp\libc_nano.a(libc_a-fflush.o)
                                                  C:/msys64/mingw64/bin/../lib/gcc/arm-none-eabi/13.3.0/../../../../arm-none-eabi/lib/thumb/v7-m/nofp\libc_nano.a(libc_a-mlock.o)
                                                  C:/msys64/mingw64/bin/../lib/gcc/arm-none-eabi/13.3.0/../../../../arm-none-eabi/lib/thumb/v7-m/nofp\libc_nano.a(libc_a-__call_atexit.o)
                                                  C:/msys64/mingw64/bin/../lib/gcc/arm-none-eabi/13.3.0/../../../../arm-none-eabi/lib/thumb/v7-m/nofp\libc_nano.a(libc_a-__atexit.o)
                                                  C:/msys64/mingw64/bin/../lib/gcc/arm-none-eabi/13.3.0/../../../../arm-none-eabi/lib/thumb/v7-m/nofp\libc_nano.a(libc_a-findfp.o)
__retarget_lock_close                             C:/msys64/mingw64/bin/../lib/gcc/arm-none-eabi/13.3.0/../../../../arm-none-eabi/lib/thumb/v7-m/nofp\libc_nano.a(libc_a-lock.o)
__retarget_lock_close_recursive                   C:/msys64/mingw64/bin/../lib/gcc/arm-none-eabi/13.3.0/../../../../arm-none-eabi/lib/thumb/v7-m/nofp\libc_nano.a(libc_a-lock.o)
__retarget_lock_init                              C:/msys64/mingw64/bin/../lib/gcc/arm-none-eabi/13.3.0/../../../../arm-none-eabi/lib/thumb/v7-m/nofp\libc_nano.a(libc_a-lock.o)
__retarget_lock_init_recursive                    C:/msys64/mingw64/bin/../lib/gcc/arm-none-eabi/13.3.0/../../../../arm-none-eabi/lib/thumb/v7-m/nofp\libc_nano.a(libc_a-lock.o)
                                                  C:/msys64/mingw64/bin/../lib/gcc/arm-none-eabi/13.3.0/../../../../arm-none-eabi/lib/thumb/v7-m/nofp\libc_nano.a(libc_a-findfp.o)
__retarget_lock_release                           C:/msys64/mingw64/bin/../lib/gcc/arm-none-eabi/13.3.0/../../../../arm-none-eabi/lib/thumb/v7-m/nofp\libc_nano.a(libc_a-lock.o)
__retarget_lock_release_recursive                 C:/msys64/mingw64/bin/../lib/gcc/arm-none-eabi/13.3.0/../../../../arm-none-eabi/lib/thumb/v7-m/nofp\libc_nano.a(libc_a-lock.o)
                                                  C:/msys64/mingw64/bin/../lib/gcc/arm-none-eabi/13.3.0/../../../../arm-none-eabi/lib/thumb/v7-m/nofp\libc_nano.a(libc_a-fflush.o)
                                                  C:/msys64/mingw64/bin/../lib/gcc/arm-none-eabi/13.3.0/../../../../arm-none-eabi/lib/thumb/v7-m/nofp\libc_nano.a(libc_a-mlock.o)
                                                  C:/msys64/mingw64/bin/../lib/gcc/arm-none-eabi/13.3.0/../../../../arm-none-eabi/lib/thumb/v7-m/nofp\libc_nano.a(libc_a-__call_atexit.o)
                                                  C:/msys64/mingw64/bin/../lib/gcc/arm-none-eabi/13.3.0/../../../../arm-none-eabi/lib/thumb/v7-m/nofp\libc_nano.a(libc_a-__atexit.o)
                                                  C:/msys64/mingw64/bin/../lib/gcc/arm-none-eabi/13.3.0/../../../../arm-none-eabi/lib/thumb/v7-m/nofp\libc_nano.a(libc_a-findfp.o)
__retarget_lock_try_acquire                       C:/msys64/mingw64/bin/../lib/gcc/arm-none-eabi/13.3.0/../../../../arm-none-eabi/lib/thumb/v7-m/nofp\libc_nano.a(libc_a-lock.o)
__retarget_lock_try_acquire_recursive             C:/msys64/mingw64/bin/../lib/gcc/arm-none-eabi/13.3.0/../../../../arm-none-eabi/lib/thumb/v7-m/nofp\libc_nano.a(libc_a-lock.o)
__sclose                                          C:/msys64/mingw64/bin/../lib/gcc/arm-none-eabi/13.3.0/../../../../arm-none-eabi/lib/thumb/v7-m/nofp\libc_nano.a(libc_a-stdio.o)
                                                  C:/msys64/mingw64/bin/../lib/gcc/arm-none-eabi/13.3.0/../../../../arm-none-eabi/lib/thumb/v7-m/nofp\libc_nano.a(libc_a-findfp.o)
__seofread                                        C:/msys64/mingw64/bin/../lib/gcc/arm-none-eabi/13.3.0/../../../../arm-none-eabi/lib/thumb/v7-m/nofp\libc_nano.a(libc_a-stdio.o)
__sf                                              C:/msys64/mingw64/bin/../lib/gcc/arm-none-eabi/13.3.0/../../../../arm-none-eabi/lib/thumb/v7-m/nofp\libc_nano.a(libc_a-findfp.o)
                                                  C:/msys64/mingw64/bin/../lib/gcc/arm-none-eabi/13.3.0/../../../../arm-none-eabi/lib/thumb/v7-m/nofp\libc_nano.a(libc_a-impure.o)